f80000 size=0001ch ( ï¿½ets Jul 29 2019 12:21:46

rst:0x1 (POWERON_RESET),boot:0x13 (SPI_FAST_FLASH_BOOT)
configsip: 0, SPIWP:0xee
clk_drv:0x00,q_drv:0x00,d_drv:0x00,cs0_drv:0x00,hd_drv:0x00,wp_drv:0x00
mode:DIO, clock div:2
load:0x3fff0030,len:6276
load:0x40078000,len:15748
load:0x40080400,len:4
ho 8 tail 4 room 4
load:0x40080404,len:3860
entry 0x4008063c
[0;32mI (31) boot: ESP-IDF v5.4.1 2nd stage bootloader[0m
[0;32mI (31) boot: compile time May 19 2025 01:09:46[0m
[0;32mI (31) boot: Multicore bootloader[0m
[0;32mI (32) boot: chip revision: v3.1[0m
[0;32mI (35) boot.esp32: SPI Speed      : 40MHz[0m
[0;32mI (39) boot.esp32: SPI Mode       : DIO[0m
[0;32mI (43) boot.esp32: SPI Flash Size : 2MB[0m
[0;32mI (46) boot: Enabling RNG early entropy source...[0m
[0;32mI (51) boot: Partition Table:[0m
[0;32mI (53) boot: ## Label            Usage          Type ST Offset   Length[0m
[0;32mI (60) boot:  0 nvs              WiFi data        01 02 00009000 00006000[0m
[0;32mI (66) boot:  1 phy_init         RF data          01 01 0000f000 00001000[0m
[0;32mI (73) boot:  2 factory          factory app      00 00 00010000 00177000[0m
[0;32mI (79) boot: End of partition table[0m
[0;32mI (82) esp_image: segment 0: paddr=00010020 vaddr=3f400020 size=35a64h (219748) map[0m
[0;32mI (165) esp_image: segment 1: paddr=00045a8c vaddr=3ff80000 size=0001ch (    28) load[0m
[0;32mI (165) esp_image: segment 2: paddr=00045ab0 vaddr=3ffbdb60 size=056a8h ( 22184) load[0m
[0;32mI (177) esp_image: segment 3: paddr=0004b160 vaddr=40080000 size=04eb8h ( 20152) load[0m
[0;32mI (185) esp_image: segment 4: paddr=00050020 vaddr=400d0020 size=cf828h (849960) map[0m
[0;32mI (476) esp_image: segment 5: paddr=0011f850 vaddr=40084eb8 size=13414h ( 78868) load[0m
[0;32mI (518) boot: Loaded app from partition at offset 0x10000[0m
[0;32mI (519) boot: Disabling RNG early entropy source...[0m
[0;32mI (529) cpu_start: Multicore app[0m
[0;32mI (537) cpu_start: Pro cpu start user code[0m
[0;32mI (537) cpu_start: cpu freq: 160000000 Hz[0m
[0;32mI (538) app_init: Application information:[0m
[0;32mI (538) app_init: Project name:     onoff_server[0m
[0;32mI (542) app_init: App version:      504dc72-dirty[0m
[0;32mI (546) app_init: Compile time:     May 19 2025 01:09:34[0m
[0;32mI (551) app_init: ELF file SHA256:  537a261c3...[0m
[0;32mI (556) app_init: ESP-IDF:          v5.4.1[0m
[0;32mI (560) efuse_init: Min chip rev:     v0.0[0m
[0;32mI (563) efuse_init: Max chip rev:     v3.99 [0m
[0;32mI (567) efuse_init: Chip rev:         v3.1[0m
[0;32mI (571) heap_init: Initializing. RAM available for dynamic allocation:[0m
[0;32mI (578) heap_init: At 3FFAFF10 len 000000F0 (0 KiB): DRAM[0m
[0;32mI (583) heap_init: At 3FFB6388 len 00001C78 (7 KiB): DRAM[0m
[0;32mI (588) heap_init: At 3FFB9A20 len 00004108 (16 KiB): DRAM[0m
[0;32mI (593) heap_init: At 3FFCBDD8 len 00014228 (80 KiB): DRAM[0m
[0;32mI (598) heap_init: At 3FFE0440 len 00003AE0 (14 KiB): D/IRAM[0m
[0;32mI (603) heap_init: At 3FFE4350 len 0001BCB0 (111 KiB): D/IRAM[0m
[0;32mI (609) heap_init: At 400982CC len 00007D34 (31 KiB): IRAM[0m
[0;32mI (616) spi_flash: detected chip: generic[0m
[0;32mI (618) spi_flash: flash io: dio[0m
[0;33mW (621) spi_flash: Detected size(4096k) larger than the size in the binary image header(2048k). Using the size in the binary image header.[0m
[0;32mI (634) coexist: coex firmware version: e727207[0m
[0;32mI (638) main_task: Started on CPU0[0m
[0;32mI (648) main_task: Calling app_main()[0m
[0;32mI (648) EXAMPLE: Initializing...[0m
[0;32mI (648) MQTT_SERVICE: Connecting to MQTT broker fd66ecb3.ala.asia-southeast1.emqxsl.com:8883 with TLS/SSL[0m
[0;32mI (648) MQTT_SERVICE: Other event id:7[0m

assert failed: tcpip_send_msg_wait_sem /IDF/components/lwip/lwip/src/api/tcpip.c:454 (Invalid mbox)


Backtrace: 0x40081be1:0x3ffcd4a0 0x4008fbdd:0x3ffcd4c0 0x4009639d:0x3ffcd4e0 0x40160e4b:0x3ffcd600 0x4016d39e:0x3ffcd630 0x4015ee21:0x3ffcd670 0x4013e415:0x3ffcd700 0x4013e767:0x3ffcd760 0x4013ea26:0x3ffcd7d0 0x4013ed0d:0x3ffcd810 0x4013ff56:0x3ffcd840 0x4019a089:0x3ffcd870 0x40135493:0x3ffcd890 0x40090605:0x3ffcd8c0




ELF file SHA256: 537a261c3

Rebooting...
ets Jul 29 2019 12:21:46

rst:0xc (SW_CPU_RESET),boot:0x13 (SPI_FAST_FLASH_BOOT)
configsip: 0, SPIWP:0xee
clk_drv:0x00,q_drv:0x00,d_drv:0x00,cs0_drv:0x00,hd_drv:0x00,wp_drv:0x00
mode:DIO, clock div:2
load:0x3fff0030,len:6276
load:0x40078000,len:15748
load:0x40080400,len:4
ho 8 tail 4 room 4
load:0x40080404,len:3860
entry 0x4008063c
[0;32mI (31) boot: ESP-IDF v5.4.1 2nd stage bootloader[0m
[0;32mI (31) boot: compile time May 19 2025 01:09:46[0m
[0;32mI (31) boot: Multicore bootloader[0m
[0;32mI (32) boot: chip revision: v3.1[0m
[0;32mI (35) boot.esp32: SPI Speed      : 40MHz[0m
[0;32mI (39) boot.esp32: SPI Mode       : DIO[0m
[0;32mI (42) boot.esp32: SPI Flash Size : 2MB[0m
[0;32mI (46) boot: Enabling RNG early entropy source...[0m
[0;32mI (51) boot: Partition Table:[0m
[0;32mI (53) boot: ## Label            Usage          Type ST Offset   Length[0m
[0;32mI (59) boot:  0 nvs              WiFi data        01 02 00009000 00006000[0m
[0;32mI (66) boot:  1 phy_init         RF data          01 01 0000f000 00001000[0m
[0;32mI (72) boot:  2 factory          factory app      00 00 00010000 00177000[0m
[0;32mI (79) boot: End of partition table[0m
[0;32mI (82) esp_image: segment 0: paddr=00010020 vaddr=3f400020 size=35a64h (219748) map[0m
[0;32mI (165) esp_image: segment 1: paddr=00045a8c vaddr=3ff80000 size=0001ch (    28) load[0m
[0;32mI (165) esp_image: segment 2: paddr=00045ab0 vaddr=3ffbdb60 size=056a8h ( 22184) load[0m
[0;32mI (177) esp_image: segment 3: paddr=0004b160 vaddr=40080000 size=04eb8h ( 20152) load[0m
[0;32mI (185) esp_image: segment 4: paddr=00050020 vaddr=400d0020 size=cf828h (849960) map[0m
[0;32mI (476) esp_image: segment 5: paddr=0011f850 vaddr=40084eb8 size=13414h ( 78868) load[0m
[0;32mI (518) boot: Loaded app from partition at offset 0x10000[0m
[0;32mI (518) boot: Disabling RNG early entropy source...[0m
[0;32mI (529) cpu_start: Multicore app[0m
[0;32mI (537) cpu_start: Pro cpu start user code[0m
[0;32mI (537) cpu_start: cpu freq: 160000000 Hz[0m
[0;32mI (537) app_init: Application information:[0m
[0;32mI (538) app_init: Project name:     onoff_server[0m
[0;32mI (542) app_init: App version:      504dc72-dirty[0m
[0;32mI (546) app_init: Compile time:     May 19 2025 01:09:34[0m
[0;32mI (551) app_init: ELF file SHA256:  537a261c3...[0m
[0;32mI (556) app_init: ESP-IDF:          v5.4.1[0m
[0;32mI (559) efuse_init: Min chip rev:     v0.0[0m
[0;32mI (563) efuse_init: Max chip rev:     v3.99 [0m
[0;32mI (567) efuse_init: Chip rev:         v3.1[0m
[0;32mI (571) heap_init: Initializing. RAM available for dynamic allocation:[0m
[0;32mI (578) heap_init: At 3FFAFF10 len 000000F0 (0 KiB): DRAM[0m
[0;32mI (582) heap_init: At 3FFB6388 len 00001C78 (7 KiB): DRAM[0m
[0;32mI (588) heap_init: At 3FFB9A20 len 00004108 (16 KiB): DRAM[0m
[0;32mI (593) heap_init: At 3FFCBDD8 len 00014228 (80 KiB): DRAM[0m
[0;32mI (598) heap_init: At 3FFE0440 len 00003AE0 (14 KiB): D/IRAM[0m
[0;32mI (603) heap_init: At 3FFE4350 len 0001BCB0 (111 KiB): D/IRAM[0m
[0;32mI (609) heap_init: At 400982CC len 00007D34 (31 KiB): IRAM[0m
[0;32mI (616) spi_flash: detected chip: generic[0m
[0;32mI (618) spi_flash: flash io: dio[0m
[0;33mW (621) spi_flash: Detected size(4096k) larger than the size in the binary image header(2048k). Using the size in the binary image header.[0m
[0;32mI (634) coexist: coex firmware version: e727207[0m
[0;32mI (638) main_task: Started on CPU0[0m
[0;32mI (648) main_task: Calling app_main()[0m
[0;32mI (648) EXAMPLE: Initializing...[0m
[0;32mI (648) MQTT_SERVICE: Connecting to MQTT broker fd66ecb3.ala.asia-southeast1.emqxsl.com:8883 with TLS/SSL[0m
[0;32mI (648) MQTT_SERVICE: Other event id:7[0m

assert failed: tcpip_send_msg_wait_sem /IDF/components/lwip/lwip/src/api/tcpip.c:454 (Invalid mbox)


Backtrace: 0x40081be1:0x3ffcd4a0 0x4008fbdd:0x3ffcd4c0 0x4009639d:0x3ffcd4e0 0x40160e4b:0x3ffcd600 0x4016d39e:0x3ffcd630 0x4015ee21:0x3ffcd670 0x4013e415:0x3ffcd700 0x4013e767:0x3ffcd760 0x4013ea26:0x3ffcd7d0 0x4013ed0d:0x3ffcd810 0x4013ff56:0x3ffcd840 0x4019a089:0x3ffcd870 0x40135493:0x3ffcd890 0x40090605:0x3ffcd8c0




ELF file SHA256: 537a261c3

Rebooting...
ets Jul 29 2019 12:21:46

rst:0xc (SW_CPU_RESET),boot:0x13 (SPI_FAST_FLASH_BOOT)
configsip: 0, SPIWP:0xee
clk_drv:0x00,q_drv:0x00,d_drv:0x00,cs0_drv:0x00,hd_drv:0x00,wp_drv:0x00
mode:DIO, clock div:2
load:0x3fff0030,len:6276
load:0x40078000,len:15748
load:0x40080400,len:4
ho 8 tail 4 room 4
load:0x40080404,len:3860
entry 0x4008063c
[0;32mI (31) boot: ESP-IDF v5.4.1 2nd stage bootloader[0m
[0;32mI (31) boot: compile time May 19 2025 01:09:46[0m
[0;32mI (31) boot: Multicore bootloader[0m
[0;32mI (32) boot: chip revision: v3.1[0m
[0;32mI (35) boot.esp32: SPI Speed      : 40MHz[0m
[0;32mI (39) boot.esp32: SPI Mode       : DIO[0m
[0;32mI (42) boot.esp32: SPI Flash Size : 2MB[0m
[0;32mI (46) boot: Enabling RNG early entropy source...[0m
[0;32mI (51) boot: Partition Table:[0m
[0;32mI (53) boot: ## Label            Usage          Type ST Offset   Length[0m
[0;32mI (59) boot:  0 nvs              WiFi data        01 02 00009000 00006000[0m
[0;32mI (66) boot:  1 phy_init         RF data          01 01 0000f000 00001000[0m
[0;32mI (72) boot:  2 factory          factory app      00 00 00010000 00177000[0m
[0;32mI (79) boot: End of partition table[0m
[0;32mI (82) esp_image: segment 0: paddr=00010020 vaddr=3f400020 size=35a64h (219748) map[0m
[0;32mI (165) esp_image: segment 1: paddr=00045a8c vaddr=3ff80000 size=0001ch (    28) load[0m
[0;32mI (165) esp_image: segment 2: paddr=00045ab0 vaddr=3ffbdb60 size=056a8h ( 22184) load[0m
[0;32mI (177) esp_image: segment 3: paddr=0004b160 vaddr=40080000 size=04eb8h ( 20152) load[0m
[0;32mI (185) esp_image: segment 4: paddr=00050020 vaddr=400d0020 size=cf828h (849960) map[0m
[0;32mI (476) esp_image: segment 5: paddr=0011f850 vaddr=40084eb8 size=13414h ( 78868) load[0m
[0;32mI (518) boot: Loaded app from partition at offset 0x10000[0m
[0;32mI (518) boot: Disabling RNG early entropy source...[0m
[0;32mI (529) cpu_start: Multicore app[0m
[0;32mI (537) cpu_start: Pro cpu start user code[0m
[0;32mI (537) cpu_start: cpu freq: 160000000 Hz[0m
[0;32mI (537) app_init: Application information:[0m
[0;32mI (538) app_init: Project name:     onoff_server[0m
[0;32mI (542) app_init: App version:      504dc72-dirty[0m
[0;32mI (546) app_init: Compile time:     May 19 2025 01:09:34[0m
[0;32mI (551) app_init: ELF file SHA256:  537a261c3...[0m
[0;32mI (556) app_init: ESP-IDF:          v5.4.1[0m
[0;32mI (559) efuse_init: Min chip rev:     v0.0[0m
[0;32mI (563) efuse_init: Max chip rev:     v3.99 [0m
[0;32mI (567) efuse_init: Chip rev:         v3.1[0m
[0;32mI (571) heap_init: Initializing. RAM available for dynamic allocation:[0m
[0;32mI (578) heap_init: At 3FFAFF10 len 000000F0 (0 KiB): DRAM[0m
[0;32mI (582) heap_init: At 3FFB6388 len 00001C78 (7 KiB): DRAM[0m
[0;32mI (588) heap_init: At 3FFB9A20 len 00004108 (16 KiB): DRAM[0m
[0;32mI (593) heap_init: At 3FFCBDD8 len 00014228 (80 KiB): DRAM[0m
[0;32mI (598) heap_init: At 3FFE0440 len 00003AE0 (14 KiB): D/IRAM[0m
[0;32mI (603) heap_init: At 3FFE4350 len 0001BCB0 (111 KiB): D/IRAM[0m
[0;32mI (609) heap_init: At 400982CC len 00007D34 (31 KiB): IRAM[0m
[0;32mI (616) spi_flash: detected chip: generic[0m
[0;32mI (618) spi_flash: flash io: dio[0m
[0;33mW (621) spi_flash: Detected size(4096k) larger than the size in the binary image header(2048k). Using the size in the binary image header.[0m
[0;32mI (634) coexist: coex firmware version: e727207[0m
[0;32mI (638) main_task: Started on CPU0[0m
[0;32mI (648) main_task: Calling app_main()[0m
[0;32mI (648) EXAMPLE: Initializing...[0m
[0;32mI (648) MQTT_SERVICE: Connecting to MQTT broker fd66ecb3.ala.asia-southeast1.emqxsl.com:8883 with TLS/SSL[0m
[0;32mI (648) MQTT_SERVICE: Other event id:7[0m

assert failed: tcpip_send_msg_wait_sem /IDF/components/lwip/lwip/src/api/tcpip.c:454 (Invalid mbox)


Backtrace: 0x40081be1:0x3ffcd4a0 0x4008fbdd:0x3ffcd4c0 0x4009639d:0x3ffcd4e0 0x40160e4b:0x3ffcd600 0x4016d39e:0x3ffcd630 0x4015ee21:0x3ffcd670 0x4013e415:0x3ffcd700 0x4013e767:0x3ffcd760 0x4013ea26:0x3ffcd7d0 0x4013ed0d:0x3ffcd810 0x4013ff56:0x3ffcd840 0x4019a089:0x3ffcd870 0x40135493:0x3ffcd890 0x40090605:0x3ffcd8c0




ELF file SHA256: 537a261c3

Rebooting...
ets Jul 29 2019 12:21:46

rst:0xc (SW_CPU_RESET),boot:0x13 (SPI_FAST_FLASH_BOOT)
configsip: 0, SPIWP:0xee
clk_drv:0x00,q_drv:0x00,d_drv:0x00,cs0_drv:0x00,hd_drv:0x00,wp_drv:0x00
mode:DIO, clock div:2
load:0x3fff0030,len:6276
load:0x40078000,len:15748
load:0x40080400,len:4
ho 8 tail 4 room 4
load:0x40080404,len:3860
entry 0x4008063c
[0;32mI (31) boot: ESP-IDF v5.4.1 2nd stage bootloader[0m
[0;32mI (31) boot: compile time May 19 2025 01:09:46[0m
[0;32mI (31) boot: Multicore bootloader[0m
[0;32mI (32) boot: chip revision: v3.1[0m
[0;32mI (35) boot.esp32: SPI Speed      : 40MHz[0m
[0;32mI (39) boot.esp32: SPI Mode       : DIO[0m
[0;32mI (42) boot.esp32: SPI Flash Size : 2MB[0m
[0;32mI (46) boot: Enabling RNG early entropy source...[0m
[0;32mI (51) boot: Partition Table:[0m
[0;32mI (53) boot: ## Label            Usage          Type ST Offset   Length[0m
[0;32mI (59) boot:  0 nvs              WiFi data        01 02 00009000 00006000[0m
[0;32mI (66) boot:  1 phy_init         RF data          01 01 0000f000 00001000[0m
[0;32mI (72) boot:  2 factory          factory app      00 00 00010000 00177000[0m
[0;32mI (79) boot: End of partition table[0m
[0;32mI (82) esp_image: segment 0: paddr=00010020 vaddr=3f400020 size=35a64h (219748) map[0m
[0;32mI (165) esp_image: segment 1: paddr=00045a8c vaddr=3ff80000 size=0001ch (    28) load[0m
[0;32mI (165) esp_image: segment 2: paddr=00045ab0 vaddr=3ffbdb60 size=056a8h ( 22184) load[0m
[0;32mI (177) esp_image: segment 3: paddr=0004b160 vaddr=40080000 size=04eb8h ( 20152) load[0m
[0;32mI (185) esp_image: segment 4: paddr=00050020 vaddr=400d0020 size=cf828h (849960) map[0m
[0;32mI (476) esp_image: segment 5: paddr=0011f850 vaddr=40084eb8 size=13414h ( 78868) load[0m
[0;32mI (518) boot: Loaded app from partition at offset 0x10000[0m
[0;32mI (518) boot: Disabling RNG early entropy source...[0m
[0;32mI (529) cpu_start: Multicore app[0m
[0;32mI (537) cpu_start: Pro cpu start user code[0m
[0;32mI (537) cpu_start: cpu freq: 160000000 Hz[0m
[0;32mI (537) app_init: Application information:[0m
[0;32mI (538) app_init: Project name:     onoff_server[0m
[0;32mI (542) app_init: App version:      504dc72-dirty[0m
[0;32mI (546) app_init: Compile time:     May 19 2025 01:09:34[0m
[0;32mI (551) app_init: ELF file SHA256:  537a261c3...[0m
[0;32mI (556) app_init: ESP-IDF:          v5.4.1[0m
[0;32mI (559) efuse_init: Min chip rev:     v0.0[0m
[0;32mI (563) efuse_init: Max chip rev:     v3.99 [0m
[0;32mI (567) efuse_init: Chip rev:         v3.1[0m
[0;32mI (571) heap_init: Initializing. RAM available for dynamic allocation:[0m
[0;32mI (578) heap_init: At 3FFAFF10 len 000000F0 (0 KiB): DRAM[0m
[0;32mI (582) heap_init: At 3FFB6388 len 00001C78 (7 KiB): DRAM[0m
[0;32mI (588) heap_init: At 3FFB9A20 len 00004108 (16 KiB): DRAM[0m
[0;32mI (593) heap_init: At 3FFCBDD8 len 00014228 (80 KiB): DRAM[0m
[0;32mI (598) heap_init: At 3FFE0440 len 00003AE0 (14 KiB): D/IRAM[0m
[0;32mI (603) heap_init: At 3FFE4350 len 0001BCB0 (111 KiB): D/IRAM[0m
[0;32mI (609) heap_init: At 400982CC len 00007D34 (31 KiB): IRAM[0m
[0;32mI (616) spi_flash: detected chip: generic[0m
[0;32mI (618) spi_flash: flash io: dio[0m
[0;33mW (621) spi_flash: Detected size(4096k) larger than the size in the binary image header(2048k). Using the size in the binary image header.[0m
[0;32mI (634) coexist: coex firmware version: e727207[0m
[0;32mI (638) main_task: Started on CPU0[0m
[0;32mI (648) main_task: Calling app_main()[0m
[0;32mI (648) EXAMPLE: Initializing...[0m
[0;32mI (648) MQTT_SERVICE: Connecting to MQTT broker fd66ecb3.ala.asia-southeast1.emqxsl.com:8883 with TLS/SSL[0m
[0;32mI (648) MQTT_SERVICE: Other event id:7[0m

assert failed: tcpip_send_msg_wait_sem /IDF/components/lwip/lwip/src/api/tcpip.c:454 (Invalid mbox)


Backtrace: 0x40081be1:0x3ffcd4a0 0x4008fbdd:0x3ffcd4c0 0x4009639d:0x3ffcd4e0 0x40160e4b:0x3ffcd600 0x4016d39e:0x3ffcd630 0x4015ee21:0x3ffcd670 0x4013e415:0x3ffcd700 0x4013e767:0x3ffcd760 0x4013ea26:0x3ffcd7d0 0x4013ed0d:0x3ffcd810 0x4013ff56:0x3ffcd840 0x4019a089:0x3ffcd870 0x40135493:0x3ffcd890 0x40090605:0x3ffcd8c0




ELF file SHA256: 537a261c3

Rebooting...
ets Jul 29 2019 12:21:46

rst:0xc (SW_CPU_RESET),boot:0x13 (SPI_FAST_FLASH_BOOT)
configsip: 0, SPIWP:0xee
clk_drv:0x00,q_drv:0x00,d_drv:0x00,cs0_drv:0x00,hd_drv:0x00,wp_drv:0x00
mode:DIO, clock div:2
load:0x3fff0030,len:6276
load:0x40078000,len:15748
load:0x40080400,len:4
ho 8 tail 4 room 4
load:0x40080404,len:3860
entry 0x4008063c
[0;32mI (31) boot: ESP-IDF v5.4.1 2nd stage bootloader[0m
[0;32mI (31) boot: compile time May 19 2025 01:09:46[0m
[0;32mI (31) boot: Multicore bootloader[0m
[0;32mI (32) boot: chip revision: v3.1[0m
[0;32mI (35) boot.esp32: SPI Speed      : 40MHz[0m
[0;32mI (39) boot.esp32: SPI Mode       : DIO[0m
[0;32mI (42) boot.esp32: SPI Flash Size : 2MB[0m
[0;32mI (46) boot: Enabling RNG early entropy source...[0m
[0;32mI (51) boot: Partition Table:[0m
[0;32mI (53) boot: ## Label            Usage          Type ST Offset   Length[0m
[0;32mI (59) boot:  0 nvs              WiFi data        01 02 00009000 00006000[0m
[0;32mI (66) boot:  1 phy_init         RF data          01 01 0000f000 00001000[0m
[0;32mI (72) boot:  2 factory          factory app      00 00 00010000 00177000[0m
[0;32mI (79) boot: End of partition table[0m
[0;32mI (82) esp_image: segment 0: paddr=00010020 vaddr=3f400020 size=35a64h (219748) map[0m
[0;32mI (165) esp_image: segment 1: paddr=00045a8c vaddr=3ff80000 size=0001ch (    28) load[0m
[0;32mI (165) esp_image: segment 2: paddr=00045ab0 vaddr=3ffbdb60 size=056a8h ( 22184) load[0m
[0;32mI (177) esp_image: segment 3: paddr=0004b160 vaddr=40080000 size=04eb8h ( 20152) load[0m
[0;32mI (185) esp_image: segment 4: paddr=00050020 vaddr=400d0020 size=cf828h (849960) map[0m
[0;32mI (476) esp_image: segment 5: paddr=0011f850 vaddr=40084eb8 size=13414h ( 78868) load[0m
[0;32mI (518) boot: Loaded app from partition at offset 0x10000[0m
[0;32mI (518) boot: Disabling RNG early entropy source...[0m
[0;32mI (529) cpu_start: Multicore app[0m
[0;32mI (537) cpu_start: Pro cpu start user code[0m
[0;32mI (537) cpu_start: cpu freq: 160000000 Hz[0m
[0;32mI (537) app_init: Application information:[0m
[0;32mI (538) app_init: Project name:     onoff_server[0m
[0;32mI (542) app_init: App version:      504dc72-dirty[0m
[0;32mI (546) app_init: Compile time:     May 19 2025 01:09:34[0m
[0;32mI (551) app_init: ELF file SHA256:  537a261c3...[0m
[0;32mI (556) app_init: ESP-IDF:          v5.4.1[0m
[0;32mI (559) efuse_init: Min chip rev:     v0.0[0m
[0;32mI (563) efuse_init: Max chip rev:     v3.99 [0m
[0;32mI (567) efuse_init: Chip rev:         v3.1[0m
[0;32mI (571) heap_init: Initializing. RAM available for dynamic allocation:[0m
[0;32mI (578) heap_init: At 3FFAFF10 len 000000F0 (0 KiB): DRAM[0m
[0;32mI (582) heap_init: At 3FFB6388 len 00001C78 (7 KiB): DRAM[0m
[0;32mI (588) heap_init: At 3FFB9A20 len 00004108 (16 KiB): DRAM[0m
[0;32mI (593) heap_init: At 3FFCBDD8 len 00014228 (80 KiB): DRAM[0m
[0;32mI (598) heap_init: At 3FFE0440 len 00003AE0 (14 KiB): D/IRAM[0m
[0;32mI (603) heap_init: At 3FFE4350 len 0001BCB0 (111 KiB): D/IRAM[0m
[0;32mI (609) heap_init: At 400982CC len 00007D34 (31 KiB): IRAM[0m
[0;32mI (616) spi_flash: detected chip: generic[0m
[0;32mI (618) spi_flash: flash io: dio[0m
[0;33mW (621) spi_flash: Detected size(4096k) larger than the size in the binary image header(2048k). Using the size in the binary image header.[0m
[0;32mI (634) coexist: coex firmware version: e727207[0m
[0;32mI (638) main_task: Started on CPU0[0m
[0;32mI (648) main_task: Calling app_main()[0m
[0;32mI (648) EXAMPLE: Initializing...[0m
[0;32mI (648) MQTT_SERVICE: Connecting to MQTT broker fd66ecb3.ala.asia-southeast1.emqxsl.com:8883 with TLS/SSL[0m
[0;32mI (648) MQTT_SERVICE: Other event id:7[0m

assert failed: tcpip_send_msg_wait_sem /IDF/components/lwip/lwip/src/api/tcpip.c:454 (Invalid mbox)


Backtrace: 0x40081be1:0x3ffcd4a0 0x4008fbdd:0x3ffcd4c0 0x4009639d:0x3ffcd4e0 0x40160e4b:0x3ffcd600 0x4016d39e:0x3ffcd630 0x4015ee21:0x3ffcd670 0x4013e415:0x3ffcd700 0x4013e767:0x3ffcd760 0x4013ea26:0x3ffcd7d0 0x4013ed0d:0x3ffcd810 0x4013ff56:0x3ffcd840 0x4019a089:0x3ffcd870 0x40135493:0x3ffcd890 0x40090605:0x3ffcd8c0




ELF file SHA256: 537a261c3

Rebooting...
ets Jul 29 2019 12:21:46

rst:0xc (SW_CPU_RESET),boot:0x13 (SPI_FAST_FLASH_BOOT)
configsip: 0, SPIWP:0xee
clk_drv:0x00,q_drv:0x00,d_drv:0x00,cs0_drv:0x00,hd_drv:0x00,wp_drv:0x00
mode:DIO, clock div:2
load:0x3fff0030,len:6276
load:0x40078000,len:15748
load:0x40080400,len:4
ho 8 tail 4 room 4
load:0x40080404,len:3860
entry 0x4008063c
[0;32mI (31) boot: ESP-IDF v5.4.1 2nd stage bootloader[0m
[0;32mI (31) boot: compile time May 19 2025 01:09:46[0m
[0;32mI (31) boot: Multicore bootloader[0m
[0;32mI (32) boot: chip revision: v3.1[0m
[0;32mI (35) boot.esp32: SPI Speed      : 40MHz[0m
[0;32mI (39) boot.esp32: SPI Mode       : DIO[0m
[0;32mI (42) boot.esp32: SPI Flash Size : 2MB[0m
[0;32mI (46) boot: Enabling RNG early entropy source...[0m
[0;32mI (51) boot: Partition Table:[0m
[0;32mI (53) boot: ## Label            Usage          Type ST Offset   Length[0m
[0;32mI (59) boot:  0 nvs              WiFi data        01 02 00009000 00006000[0m
[0;32mI (66) boot:  1 phy_init         RF data          01 01 0000f000 00001000[0m
[0;32mI (72) boot:  2 factory          factory app      00 00 00010000 00177000[0m
[0;32mI (79) boot: End of partition table[0m
[0;32mI (82) esp_image: segment 0: paddr=00010020 vaddr=3f400020 size=35a64h (219748) map[0m
[0;32mI (165) esp_image: segment 1: paddr=00045a8c vaddr=3ff80000 size=0001ch (    28) load[0m
[0;32mI (165) esp_image: segment 2: paddr=00045ab0 vaddr=3ffbdb60 size=056a8h ( 22184) load[0m
[0;32mI (177) esp_image: segment 3: paddr=0004b160 vaddr=40080000 size=04eb8h ( 20152) load[0m
[0;32mI (185) esp_image: segment 4: paddr=00050020 vaddr=400d0020 size=cf828h (849960) map[0m
[0;32mI (476) esp_image: segment 5: paddr=0011f850 vaddr=40084eb8 size=13414h ( 78868) load[0m
[0;32mI (518) boot: Loaded app from partition at offset 0x10000[0m
[0;32mI (518) boot: Disabling RNG early entropy source...[0m
[0;32mI (529) cpu_start: Multicore app[0m
[0;32mI (537) cpu_start: Pro cpu start user code[0m
[0;32mI (537) cpu_start: cpu freq: 160000000 Hz[0m
[0;32mI (537) app_init: Application information:[0m
[0;32mI (538) app_init: Project name:     onoff_server[0m
[0;32mI (542) app_init: App version:      504dc72-dirty[0m
[0;32mI (546) app_init: Compile time:     May 19 2025 01:09:34[0m
[0;32mI (551) app_init: ELF file SHA256:  537a261c3...[0m
[0;32mI (556) app_init: ESP-IDF:          v5.4.1[0m
[0;32mI (559) efuse_init: Min chip rev:     v0.0[0m
[0;32mI (563) efuse_init: Max chip rev:     v3.99 [0m
[0;32mI (567) efuse_init: Chip rev:         v3.1[0m
[0;32mI (571) heap_init: Initializing. RAM available for dynamic allocation:[0m
[0;32mI (578) heap_init: At 3FFAFF10 len 000000F0 (0 KiB): DRAM[0m
[0;32mI (582) heap_init: At 3FFB6388 len 00001C78 (7 KiB): DRAM[0m
[0;32mI (588) heap_init: At 3FFB9A20 len 00004108 (16 KiB): DRAM[0m
[0;32mI (593) heap_init: At 3FFCBDD8 len 00014228 (80 KiB): DRAM[0m
[0;32mI (598) heap_init: At 3FFE0440 len 00003AE0 (14 KiB): D/IRAM[0m
[0;32mI (603) heap_init: At 3FFE4350 len 0001BCB0 (111 KiB): D/IRAM[0m
[0;32mI (609) heap_init: At 400982CC len 00007D34 (31 KiB): IRAM[0m
[0;32mI (616) spi_flash: detected chip: generic[0m
[0;32mI (618) spi_flash: flash io: dio[0m
[0;33mW (621) spi_flash: Detected size(4096k) larger than the size in the binary image header(2048k). Using the size in the binary image header.[0m
[0;32mI (634) coexist: coex firmware version: e727207[0m
[0;32mI (638) main_task: Started on CPU0[0m
[0;32mI (648) main_task: Calling app_main()[0m
[0;32mI (648) EXAMPLE: Initializing...[0m
[0;32mI (648) MQTT_SERVICE: Connecting to MQTT broker fd66ecb3.ala.asia-southeast1.emqxsl.com:8883 with TLS/SSL[0m
[0;32mI (648) MQTT_SERVICE: Other event id:7[0m

assert failed: tcpip_send_msg_wait_sem /IDF/components/lwip/lwip/src/api/tcpip.c:454 (Invalid mbox)


Backtrace: 0x40081be1:0x3ffcd4a0 0x4008fbdd:0x3ffcd4c0 0x4009639d:0x3ffcd4e0 0x40160e4b:0x3ffcd600 0x4016d39e:0x3ffcd630 0x4015ee21:0x3ffcd670 0x4013e415:0x3ffcd700 0x4013e767:0x3ffcd760 0x4013ea26:0x3ffcd7d0 0x4013ed0d:0x3ffcd810 0x4013ff56:0x3ffcd840 0x4019a089:0x3ffcd870 0x40135493:0x3ffcd890 0x40090605:0x3ffcd8c0




ELF file SHA256: 537a261c3

Rebooting...
ets Jul 29 2019 12:21:46

rst:0xc (SW_CPU_RESET),boot:0x13 (SPI_FAST_FLASH_BOOT)
configsip: 0, SPIWP:0xee
clk_drv:0x00,q_drv:0x00,d_drv:0x00,cs0_drv:0x00,hd_drv:0x00,wp_drv:0x00
mode:DIO, clock div:2
load:0x3fff0030,len:6276
load:0x40078000,len:15748
load:0x40080400,len:4
ho 8 tail 4 room 4
load:0x40080404,len:3860
entry 0x4008063c
[0;32mI (31) boot: ESP-IDF v5.4.1 2nd stage bootloader[0m
[0;32mI (31) boot: compile time May 19 2025 01:09:46[0m
[0;32mI (31) boot: Multicore bootloader[0m
[0;32mI (32) boot: chip revision: v3.1[0m
[0;32mI (35) boot.esp32: SPI Speed      : 40MHz[0m
[0;32mI (39) boot.esp32: SPI Mode       : DIO[0m
[0;32mI (42) boot.esp32: SPI Flash Size : 2MB[0m
[0;32mI (46) boot: Enabling RNG early entropy source...[0m
[0;32mI (51) boot: Partition Table:[0m
[0;32mI (53) boot: ## Label            Usage          Type ST Offset   Length[0m
[0;32mI (59) boot:  0 nvs              WiFi data        01 02 00009000 00006000[0m
[0;32mI (66) boot:  1 phy_init         RF data          01 01 0000f000 00001000[0m
[0;32mI (72) boot:  2 factory          factory app      00 00 00010000 00177000[0m
[0;32mI (79) boot: End of partition table[0m
[0;32mI (82) esp_image: segment 0: paddr=00010020 vaddr=3f400020 size=35a64h (219748) map[0m
[0;32mI (165) esp_image: segment 1: paddr=00045a8c vaddr=3ff80000 size=0001ch (    28) load[0m
[0;32mI (165) esp_image: segment 2: paddr=00045ab0 vaddr=3ffbdb60 size=056a8h ( 22184) load[0m
[0;32mI (177) esp_image: segment 3: paddr=0004b160 vaddr=40080000 size=04eb8h ( 20152) load[0m
[0;32mI (185) esp_image: segment 4: paddr=00050020 vaddr=400d0020 size=cf828h (849960) map[0m
[0;32mI (476) esp_image: segment 5: paddr=0011f850 vaddr=40084eb8 size=13414h ( 78868) load[0m
[0;32mI (518) boot: Loaded app from partition at offset 0x10000[0m
[0;32mI (518) boot: Disabling RNG early entropy source...[0m
[0;32mI (529) cpu_start: Multicore app[0m
[0;32mI (537) cpu_start: Pro cpu start user code[0m
[0;32mI (537) cpu_start: cpu freq: 160000000 Hz[0m
[0;32mI (537) app_init: Application information:[0m
[0;32mI (538) app_init: Project name:     onoff_server[0m
[0;32mI (542) app_init: App version:      504dc72-dirty[0m
[0;32mI (546) app_init: Compile time:     May 19 2025 01:09:34[0m
[0;32mI (551) app_init: ELF file SHA256:  537a261c3...[0m
[0;32mI (556) app_init: ESP-IDF:          v5.4.1[0m
[0;32mI (559) efuse_init: Min chip rev:     v0.0[0m
[0;32mI (563) efuse_init: Max chip rev:     v3.99 [0m
[0;32mI (567) efuse_init: Chip rev:         v3.1[0m
[0;32mI (571) heap_init: Initializing. RAM available for dynamic allocation:[0m
[0;32mI (578) heap_init: At 3FFAFF10 len 000000F0 (0 KiB): DRAM[0m
[0;32mI (582) heap_init: At 3FFB6388 len 00001C78 (7 KiB): DRAM[0m
[0;32mI (588) heap_init: At 3FFB9A20 len 00004108 (16 KiB): DRAM[0m
[0;32mI (593) heap_init: At 3FFCBDD8 len 00014228 (80 KiB): DRAM[0m
[0;32mI (598) heap_init: At 3FFE0440 len 00003AE0 (14 KiB): D/IRAM[0m
[0;32mI (603) heap_init: At 3FFE4350 len 0001BCB0 (111 KiB): D/IRAM[0m
[0;32mI (609) heap_init: At 400982CC len 00007D34 (31 KiB): IRAM[0m
[0;32mI (616) spi_flash: detected chip: generic[0m
[0;32mI (618) spi_flash: flash io: dio[0m
[0;33mW (621) spi_flash: Detected size(4096k) larger than the size in the binary image header(2048k). Using the size in the binary image header.[0m
[0;32mI (634) coexist: coex firmware version: e727207[0m
[0;32mI (638) main_task: Started on CPU0[0m
[0;32mI (648) main_task: Calling app_main()[0m
[0;32mI (648) EXAMPLE: Initializing...[0m
[0;32mI (648) MQTT_SERVICE: Connecting to MQTT broker fd66ecb3.ala.asia-southeast1.emqxsl.com:8883 with TLS/SSL[0m
[0;32mI (648) MQTT_SERVICE: Other event id:7[0m

assert failed: tcpip_send_msg_wait_sem /IDF/components/lwip/lwip/src/api/tcpip.c:454 (Invalid mbox)


Backtrace: 0x40081be1:0x3ffcd4a0 0x4008fbdd:0x3ffcd4c0 0x4009639d:0x3ffcd4e0 0x40160e4b:0x3ffcd600 0x4016d39e:0x3ffcd630 0x4015ee21:0x3ffcd670 0x4013e415:0x3ffcd700 0x4013e767:0x3ffcd760 0x4013ea26:0x3ffcd7d0 0x4013ed0d:0x3ffcd810 0x4013ff56:0x3ffcd840 0x4019a089:0x3ffcd870 0x40135493:0x3ffcd890 0x40090605:0x3ffcd8c0




ELF file SHA256: 537a261c3

Rebooting...
ets Jul 29 2019 12:21:46

rst:0xc (SW_CPU_RESET),boot:0x13 (SPI_FAST_FLASH_BOOT)
configsip: 0, SPIWP:0xee
clk_drv:0x00,q_drv:0x00,d_drv:0x00,cs0_drv:0x00,hd_drv:0x00,wp_drv:0x00
mode:DIO, clock div:2
load:0x3fff0030,len:6276
load:0x40078000,len:15748
load:0x40080400,len:4
ho 8 tail 4 room 4
load:0x40080404,len:3860
entry 0x4008063c
[0;32mI (31) boot: ESP-IDF v5.4.1 2nd stage bootloader[0m
[0;32mI (31) boot: compile time May 19 2025 01:09:46[0m
[0;32mI (31) boot: Multicore bootloader[0m
[0;32mI (32) boot: chip revision: v3.1[0m
[0;32mI (35) boot.esp32: SPI Speed      : 40MHz[0m
[0;32mI (39) boot.esp32: SPI Mode       : DIO[0m
[0;32mI (42) boot.esp32: SPI Flash Size : 2MB[0m
[0;32mI (46) boot: Enabling RNG early entropy source...[0m
[0;32mI (51) boot: Partition Table:[0m
[0;32mI (53) boot: ## Label            Usage          Type ST Offset   Length[0m
[0;32mI (59) boot:  0 nvs              WiFi data        01 02 00009000 00006000[0m
[0;32mI (66) boot:  1 phy_init         RF data          01 01 0000f000 00001000[0m
[0;32mI (72) boot:  2 factory          factory app      00 00 00010000 00177000[0m
[0;32mI (79) boot: End of partition table[0m
[0;32mI (82) esp_image: segment 0: paddr=00010020 vaddr=3f400020 size=35a64h (219748) map[0m
[0;32mI (165) esp_image: segment 1: paddr=00045a8c vaddr=3ff80000 size=0001ch (    28) load[0m
[0;32mI (165) esp_image: segment 2: paddr=00045ab0 vaddr=3ffbdb60 size=056a8h ( 22184) load[0m
[0;32mI (177) esp_image: segment 3: paddr=0004b160 vaddr=40080000 size=04eb8h ( 20152) load[0m
[0;32mI (185) esp_image: segment 4: paddr=00050020 vaddr=400d0020 size=cf828h (849960) map[0m
[0;32mI (476) esp_image: segment 5: paddr=0011f850 vaddr=40084eb8 size=13414h ( 78868) load[0m
[0;32mI (518) boot: Loaded app from partition at offset 0x10000[0m
[0;32mI (518) boot: Disabling RNG early entropy source...[0m
[0;32mI (529) cpu_start: Multicore app[0m
[0;32mI (537) cpu_start: Pro cpu start user code[0m
[0;32mI (537) cpu_start: cpu freq: 160000000 Hz[0m
[0;32mI (537) app_init: Application information:[0m
[0;32mI (538) app_init: Project name:     onoff_server[0m
[0;32mI (542) app_init: App version:      504dc72-dirty[0m
[0;32mI (546) app_init: Compile time:     May 19 2025 01:09:34[0m
[0;32mI (551) app_init: ELF file SHA256:  537a261c3...[0m
[0;32mI (556) app_init: ESP-IDF:          v5.4.1[0m
[0;32mI (559) efuse_init: Min chip rev:     v0.0[0m
[0;32mI (563) efuse_init: Max chip rev:     v3.99 [0m
[0;32mI (567) efuse_init: Chip rev:         v3.1[0m
[0;32mI (571) heap_init: Initializing. RAM available for dynamic allocation:[0m
[0;32mI (578) heap_init: At 3FFAFF10 len 000000F0 (0 KiB): DRAM[0m
[0;32mI (582) heap_init: At 3FFB6388 len 00001C78 (7 KiB): DRAM[0m
[0;32mI (588) heap_init: At 3FFB9A20 len 00004108 (16 KiB): DRAM[0m
[0;32mI (593) heap_init: At 3FFCBDD8 len 00014228 (80 KiB): DRAM[0m
[0;32mI (598) heap_init: At 3FFE0440 len 00003AE0 (14 KiB): D/IRAM[0m
[0;32mI (603) heap_init: At 3FFE4350 len 0001BCB0 (111 KiB): D/IRAM[0m
[0;32mI (609) heap_init: At 400982CC len 00007D34 (31 KiB): IRAM[0m
[0;32mI (616) spi_flash: detected chip: generic[0m
[0;32mI (618) spi_flash: flash io: dio[0m
[0;33mW (621) spi_flash: Detected size(4096k) larger than the size in the binary image header(2048k). Using the size in the binary image header.[0m
[0;32mI (634) coexist: coex firmware version: e727207[0m
[0;32mI (638) main_task: Started on CPU0[0m
[0;32mI (648) main_task: Calling app_main()[0m
[0;32mI (648) EXAMPLE: Initializing...[0m
[0;32mI (648) MQTT_SERVICE: Connecting to MQTT broker fd66ecb3.ala.asia-southeast1.emqxsl.com:8883 with TLS/SSL[0m
[0;32mI (648) MQTT_SERVICE: Other event id:7[0m

assert failed: tcpip_send_msg_wait_sem /IDF/components/lwip/lwip/src/api/tcpip.c:454 (Invalid mbox)


Backtrace: 0x40081be1:0x3ffcd4a0 0x4008fbdd:0x3ffcd4c0 0x4009639d:0x3ffcd4e0 0x40160e4b:0x3ffcd600 0x4016d39e:0x3ffcd630 0x4015ee21:0x3ffcd670 0x4013e415:0x3ffcd700 0x4013e767:0x3ffcd760 0x4013ea26:0x3ffcd7d0 0x4013ed0d:0x3ffcd810 0x4013ff56:0x3ffcd840 0x4019a089:0x3ffcd870 0x40135493:0x3ffcd890 0x40090605:0x3ffcd8c0




ELF file SHA256: 537a261c3

Rebooting...
ets Jul 29 2019 12:21:46

rst:0xc (SW_CPU_RESET),boot:0x13 (SPI_FAST_FLASH_BOOT)
configsip: 0, SPIWP:0xee
clk_drv:0x00,q_drv:0x00,d_drv:0x00,cs0_drv:0x00,hd_drv:0x00,wp_drv:0x00
mode:DIO, clock div:2
load:0x3fff0030,len:6276
load:0x40078000,len:15748
load:0x40080400,len:4
ho 8 tail 4 room 4
load:0x40080404,len:3860
entry 0x4008063c
[0;32mI (31) boot: ESP-IDF v5.4.1 2nd stage bootloader[0m
[0;32mI (31) boot: compile time May 19 2025 01:09:46[0m
[0;32mI (31) boot: Multicore bootloader[0m
[0;32mI (32) boot: chip revision: v3.1[0m
[0;32mI (35) boot.esp32: SPI Speed      : 40MHz[0m
[0;32mI (39) boot.esp32: SPI Mode       : DIO[0m
[0;32mI (42) boot.esp32: SPI Flash Size : 2MB[0m
[0;32mI (46) boot: Enabling RNG early entropy source...[0m
[0;32mI (51) boot: Partition Table:[0m
[0;32mI (53) boot: ## Label            Usage          Type ST Offset   Length[0m
[0;32mI (59) boot:  0 nvs              WiFi data        01 02 00009000 00006000[0m
[0;32mI (66) boot:  1 phy_init         RF data          01 01 0000f000 00001000[0m
[0;32mI (72) boot:  2 factory          factory app      00 00 00010000 00177000[0m
[0;32mI (79) boot: End of partition table[0m
[0;32mI (82) esp_image: segment 0: paddr=00010020 vaddr=3f400020 size=35a64h (219748) map[0m
[0;32mI (165) esp_image: segment 1: paddr=00045a8c vaddr=3ff80000 size=0001ch (    28) load[0m
[0;32mI (165) esp_image: segment 2: paddr=00045ab0 vaddr=3ffbdb60 size=056a8h ( 22184) load[0m
[0;32mI (177) esp_image: segment 3: paddr=0004b160 vaddr=40080000 size=04eb8h ( 20152) load[0m
[0;32mI (185) esp_image: segment 4: paddr=00050020 vaddr=400d0020 size=cf828h (849960) map[0m
[0;32mI (476) esp_image: segment 5: paddr=0011f850 vaddr=40084eb8 size=13414h ( 78868) load[0m
[0;32mI (518) boot: Loaded app from partition at offset 0x10000[0m
[0;32mI (518) boot: Disabling RNG early entropy source...[0m
[0;32mI (529) cpu_start: Multicore app[0m
[0;32mI (537) cpu_start: Pro cpu start user code[0m
[0;32mI (537) cpu_start: cpu freq: 160000000 Hz[0m
[0;32mI (537) app_init: Application information:[0m
[0;32mI (538) app_init: Project name:     onoff_server[0m
[0;32mI (542) app_init: App version:      504dc72-dirty[0m
[0;32mI (546) app_init: Compile time:     May 19 2025 01:09:34[0m
[0;32mI (551) app_init: ELF file SHA256:  537a261c3...[0m
[0;32mI (556) app_init: ESP-IDF:          v5.4.1[0m
[0;32mI (559) efuse_init: Min chip rev:     v0.0[0m
[0;32mI (563) efuse_init: Max chip rev:     v3.99 [0m
[0;32mI (567) efuse_init: Chip rev:         v3.1[0m
[0;32mI (571) heap_init: Initializing. RAM available for dynamic allocation:[0m
[0;32mI (578) heap_init: At 3FFAFF10 len 000000F0 (0 KiB): DRAM[0m
[0;32mI (582) heap_init: At 3FFB6388 len 00001C78 (7 KiB): DRAM[0m
[0;32mI (588) heap_init: At 3FFB9A20 len 00004108 (16 KiB): DRAM[0m
[0;32mI (593) heap_init: At 3FFCBDD8 len 00014228 (80 KiB): DRAM[0m
[0;32mI (598) heap_init: At 3FFE0440 len 00003AE0 (14 KiB): D/IRAM[0m
[0;32mI (603) heap_init: At 3FFE4350 len 0001BCB0 (111 KiB): D/IRAM[0m
[0;32mI (609) heap_init: At 400982CC len 00007D34 (31 KiB): IRAM[0m
[0;32mI (616) spi_flash: detected chip: generic[0m
[0;32mI (618) spi_flash: flash io: dio[0m
[0;33mW (621) spi_flash: Detected size(4096k) larger than the size in the binary image header(2048k). Using the size in the binary image header.[0m
[0;32mI (634) coexist: coex firmware version: e727207[0m
[0;32mI (638) main_task: Started on CPU0[0m
[0;32mI (648) main_task: Calling app_main()[0m
[0;32mI (648) EXAMPLE: Initializing...[0m
[0;32mI (648) MQTT_SERVICE: Connecting to MQTT broker fd66ecb3.ala.asia-southeast1.emqxsl.com:8883 with TLS/SSL[0m
[0;32mI (648) MQTT_SERVICE: Other event id:7[0m

assert failed: tcpip_send_msg_wait_sem /IDF/components/lwip/lwip/src/api/tcpip.c:454 (Invalid mbox)


Backtrace: 0x40081be1:0x3ffcd4a0 0x4008fbdd:0x3ffcd4c0 0x4009639d:0x3ffcd4e0 0x40160e4b:0x3ffcd600 0x4016d39e:0x3ffcd630 0x4015ee21:0x3ffcd670 0x4013e415:0x3ffcd700 0x4013e767:0x3ffcd760 0x4013ea26:0x3ffcd7d0 0x4013ed0d:0x3ffcd810 0x4013ff56:0x3ffcd840 0x4019a089:0x3ffcd870 0x40135493:0x3ffcd890 0x40090605:0x3ffcd8c0




ELF file SHA256: 537a261c3

Rebooting...
ets Jul 29 2019 12:21:46

rst:0xc (SW_CPU_RESET),boot:0x13 (SPI_FAST_FLASH_BOOT)
configsip: 0, SPIWP:0xee
clk_drv:0x00,q_drv:0x00,d_drv:0x00,cs0_drv:0x00,hd_drv:0x00,wp_drv:0x00
mode:DIO, clock div:2
load:0x3fff0030,len:6276
load:0x40078000,len:15748
load:0x40080400,len:4
ho 8 tail 4 room 4
load:0x40080404,len:3860
entry 0x4008063c
[0;32mI (31) boot: ESP-IDF v5.4.1 2nd stage bootloader[0m
[0;32mI (31) boot: compile time May 19 2025 01:09:46[0m
[0;32mI (31) boot: Multicore bootloader[0m
[0;32mI (32) boot: chip revision: v3.1[0m
[0;32mI (35) boot.esp32: SPI Speed      : 40MHz[0m
[0;32mI (39) boot.esp32: SPI Mode       : DIO[0m
[0;32mI (42) boot.esp32: SPI Flash Size : 2MB[0m
[0;32mI (46) boot: Enabling RNG early entropy source...[0m
[0;32mI (51) boot: Partition Table:[0m
[0;32mI (53) boot: ## Label            Usage          Type ST Offset   Length[0m
[0;32mI (59) boot:  0 nvs              WiFi data        01 02 00009000 00006000[0m
[0;32mI (66) boot:  1 phy_init         RF data          01 01 0000f000 00001000[0m
[0;32mI (72) boot:  2 factory          factory app      00 00 00010000 00177000[0m
[0;32mI (79) boot: End of partition table[0m
[0;32mI (82) esp_image: segment 0: paddr=00010020 vaddr=3f400020 size=35a64h (219748) map[0m
[0;32mI (165) esp_image: segment 1: paddr=00045a8c vaddr=3ff80000 size=0001ch (    28) load[0m
[0;32mI (165) esp_image: segment 2: paddr=00045ab0 vaddr=3ffbdb60 size=056a8h ( 22184) load[0m
[0;32mI (177) esp_image: segment 3: paddr=0004b160 vaddr=40080000 size=04eb8h ( 20152) load[0m
[0;32mI (185) esp_image: segment 4: paddr=00050020 vaddr=400d0020 size=cf828h (849960) map[0m
[0;32mI (476) esp_image: segment 5: paddr=0011f850 vaddr=40084eb8 size=13414h ( 78868) load[0m
[0;32mI (518) boot: Loaded app from partition at offset 0x10000[0m
[0;32mI (518) boot: Disabling RNG early entropy source...[0m
[0;32mI (529) cpu_start: Multicore app[0m
[0;32mI (537) cpu_start: Pro cpu start user code[0m
[0;32mI (537) cpu_start: cpu freq: 160000000 Hz[0m
[0;32mI (537) app_init: Application information:[0m
[0;32mI (538) app_init: Project name:     onoff_server[0m
[0;32mI (542) app_init: App version:      504dc72-dirty[0m
[0;32mI (546) app_init: Compile time:     May 19 2025 01:09:34[0m
[0;32mI (551) app_init: ELF file SHA256:  537a261c3...[0m
[0;32mI (556) app_init: ESP-IDF:          v5.4.1[0m
[0;32mI (559) efuse_init: Min chip rev:     v0.0[0m
[0;32mI (563) efuse_init: Max chip rev:     v3.99 [0m
[0;32mI (567) efuse_init: Chip rev:         v3.1[0m
[0;32mI (571) heap_init: Initializing. RAM available for dynamic allocation:[0m
[0;32mI (578) heap_init: At 3FFAFF10 len 000000F0 (0 KiB): DRAM[0m
[0;32mI (582) heap_init: At 3FFB6388 len 00001C78 (7 KiB): DRAM[0m
[0;32mI (588) heap_init: At 3FFB9A20 len 00004108 (16 KiB): DRAM[0m
[0;32mI (593) heap_init: At 3FFCBDD8 len 00014228 (80 KiB): DRAM[0m
[0;32mI (598) heap_init: At 3FFE0440 len 00003AE0 (14 KiB): D/IRAM[0m
[0;32mI (603) heap_init: At 3FFE4350 len 0001BCB0 (111 KiB): D/IRAM[0m
[0;32mI (609) heap_init: At 400982CC len 00007D34 (31 KiB): IRAM[0m
[0;32mI (616) spi_flash: detected chip: generic[0m
[0;32mI (618) spi_flash: flash io: dio[0m
[0;33mW (621) spi_flash: Detected size(4096k) larger than the size in the binary image header(2048k). Using the size in the binary image header.[0m
[0;32mI (634) coexist: coex firmware version: e727207[0m
[0;32mI (638) main_task: Started on CPU0[0m
[0;32mI (648) main_task: Calling app_main()[0m
[0;32mI (648) EXAMPLE: Initializing...[0m
[0;32mI (648) MQTT_SERVICE: Connecting to MQTT broker fd66ecb3.ala.asia-southeast1.emqxsl.com:8883 with TLS/SSL[0m
[0;32mI (648) MQTT_SERVICE: Other event id:7[0m

assert failed: tcpip_send_msg_wait_sem /IDF/components/lwip/lwip/src/api/tcpip.c:454 (Invalid mbox)


Backtrace: 0x40081be1:0x3ffcd4a0 0x4008fbdd:0x3ffcd4c0 0x4009639d:0x3ffcd4e0 0x40160e4b:0x3ffcd600 0x4016d39e:0x3ffcd630 0x4015ee21:0x3ffcd670 0x4013e415:0x3ffcd700 0x4013e767:0x3ffcd760 0x4013ea26:0x3ffcd7d0 0x4013ed0d:0x3ffcd810 0x4013ff56:0x3ffcd840 0x4019a089:0x3ffcd870 0x40135493:0x3ffcd890 0x40090605:0x3ffcd8c0




ELF file SHA256: 537a261c3

Rebooting...
ets Jul 29 2019 12:21:46

rst:0xc (SW_CPU_RESET),boot:0x13 (SPI_FAST_FLASH_BOOT)
configsip: 0, SPIWP:0xee
clk_drv:0x00,q_drv:0x00,d_drv:0x00,cs0_drv:0x00,hd_drv:0x00,wp_drv:0x00
mode:DIO, clock div:2
load:0x3fff0030,len:6276
load:0x40078000,len:15748
load:0x40080400,len:4
ho 8 tail 4 room 4
load:0x40080404,len:3860
entry 0x4008063c
[0;32mI (31) boot: ESP-IDF v5.4.1 2nd stage bootloader[0m
[0;32mI (31) boot: compile time May 19 2025 01:09:46[0m
[0;32mI (31) boot: Multicore bootloader[0m
[0;32mI (32) boot: chip revision: v3.1[0m
[0;32mI (35) boot.esp32: SPI Speed      : 40MHz[0m
[0;32mI (39) boot.esp32: SPI Mode       : DIO[0m
[0;32mI (42) boot.esp32: SPI Flash Size : 2MB[0m
[0;32mI (46) boot: Enabling RNG early entropy source...[0m
[0;32mI (51) boot: Partition Table:[0m
[0;32mI (53) boot: ## Label            Usage          Type ST Offset   Length[0m
[0;32mI (59) boot:  0 nvs              WiFi data        01 02 00009000 00006000[0m
[0;32mI (66) boot:  1 phy_init         RF data          01 01 0000f000 00001000[0m
[0;32mI (73) boot:  2 factory          factory app      00 00 00010000 00177000[0m
[0;32mI (79) boot: End of partition table[0m
[0;32mI (82) esp_image: segment 0: paddr=00010020 vaddr=3f400020 size=35a64h (219748) map[0m
[0;32mI (165) esp_image: segment 1: paddr=00045a8c vaddr=3ff80000 size=0001ch (    28) load[0m
[0;32mI (165) esp_image: segment 2: paddr=00045ab0 vaddr=3ffbdb60 size=056a8h ( 22184) load[0m
[0;32mI (177) esp_image: segment 3: paddr=0004b160 vaddr=40080000 size=04eb8h ( 20152) load[0m
[0;32mI (185) esp_image: segment 4: paddr=00050020 vaddr=400d0020 size=cf828h (849960) map[0m
[0;32mI (476) esp_image: segment 5: paddr=0011f850 vaddr=40084eb8 size=13414h ( 78868) load[0m
[0;32mI (518) boot: Loaded app from partition at offset 0x10000[0m
[0;32mI (518) boot: Disabling RNG early entropy source...[0m
[0;32mI (529) cpu_start: Multicore app[0m
[0;32mI (537) cpu_start: Pro cpu start user code[0m
[0;32mI (537) cpu_start: cpu freq: 160000000 Hz[0m
[0;32mI (537) app_init: Application information:[0m
[0;32mI (538) app_init: Project name:     onoff_server[0m
[0;32mI (542) app_init: App version:      504dc72-dirty[0m
[0;32mI (546) app_init: Compile time:     May 19 2025 01:09:34[0m
[0;32mI (551) app_init: ELF file SHA256:  537a261c3...[0m
[0;32mI (556) app_init: ESP-IDF:          v5.4.1[0m
[0;32mI (559) efuse_init: Min chip rev:     v0.0[0m
[0;32mI (563) efuse_init: Max chip rev:     v3.99 [0m
[0;32mI (567) efuse_init: Chip rev:         v3.1[0m
[0;32mI (571) heap_init: Initializing. RAM available for dynamic allocation:[0m
[0;32mI (578) heap_init: At 3FFAFF10 len 000000F0 (0 KiB): DRAM[0m
[0;32mI (582) heap_init: At 3FFB6388 len 00001C78 (7 KiB): DRAM[0m
[0;32mI (588) heap_init: At 3FFB9A20 len 00004108 (16 KiB): DRAM[0m
[0;32mI (593) heap_init: At 3FFCBDD8 len 00014228 (80 KiB): DRAM[0m
[0;32mI (598) heap_init: At 3FFE0440 len 00003AE0 (14 KiB): D/IRAM[0m
[0;32mI (603) heap_init: At 3FFE4350 len 0001BCB0 (111 KiB): D/IRAM[0m
[0;32mI (609) heap_init: At 400982CC len 00007D34 (31 KiB): IRAM[0m
[0;32mI (616) spi_flash: detected chip: generic[0m
[0;32mI (618) spi_flash: flash io: dio[0m
[0;33mW (621) spi_flash: Detected size(4096k) larger than the size in the binary image header(2048k). Using the size in the binary image header.[0m
[0;32mI (634) coexist: coex firmware version: e727207[0m
[0;32mI (638) main_task: Started on CPU0[0m
[0;32mI (648) main_task: Calling app_main()[0m
[0;32mI (648) EXAMPLE: Initializing...[0m
[0;32mI (648) MQTT_SERVICE: Connecting to MQTT broker fd66ecb3.ala.asia-southeast1.emqxsl.com:8883 with TLS/SSL[0m
[0;32mI (648) MQTT_SERVICE: Other event id:7[0m

assert failed: tcpip_send_msg_wait_sem /IDF/components/lwip/lwip/src/api/tcpip.c:454 (Invalid mbox)


Backtrace: 0x40081be1:0x3ffcd4a0 0x4008fbdd:0x3ffcd4c0 0x4009639d:0x3ffcd4e0 0x40160e4b:0x3ffcd600 0x4016d39e:0x3ffcd630 0x4015ee21:0x3ffcd670 0x4013e415:0x3ffcd700 0x4013e767:0x3ffcd760 0x4013ea26:0x3ffcd7d0 0x4013ed0d:0x3ffcd810 0x4013ff56:0x3ffcd840 0x4019a089:0x3ffcd870 0x40135493:0x3ffcd890 0x40090605:0x3ffcd8c0




ELF file SHA256: 537a261c3

Rebooting...
ets Jul 29 2019 12:21:46

rst:0xc (SW_CPU_RESET),boot:0x13 (SPI_FAST_FLASH_BOOT)
configsip: 0, SPIWP:0xee
clk_drv:0x00,q_drv:0x00,d_drv:0x00,cs0_drv:0x00,hd_drv:0x00,wp_drv:0x00
mode:DIO, clock div:2
load:0x3fff0030,len:6276
load:0x40078000,len:15748
load:0x40080400,len:4
ho 8 tail 4 room 4
load:0x40080404,len:3860
entry 0x4008063c
[0;32mI (31) boot: ESP-IDF v5.4.1 2nd stage bootloader[0m
[0;32mI (31) boot: compile time May 19 2025 01:09:46[0m
[0;32mI (31) boot: Multicore bootloader[0m
[0;32mI (32) boot: chip revision: v3.1[0m
[0;32mI (35) boot.esp32: SPI Speed      : 40MHz[0m
[0;32mI (39) boot.esp32: SPI Mode       : DIO[0m
[0;32mI (42) boot.esp32: SPI Flash Size : 2MB[0m
[0;32mI (46) boot: Enabling RNG early entropy source...[0m
[0;32mI (51) boot: Partition Table:[0m
[0;32mI (53) boot: ## Label            Usage          Type ST Offset   Length[0m
[0;32mI (59) boot:  0 nvs              WiFi data        01 02 00009000 00006000[0m
[0;32mI (66) boot:  1 phy_init         RF data          01 01 0000f000 00001000[0m
[0;32mI (72) boot:  2 factory          factory app      00 00 00010000 00177000[0m
[0;32mI (79) boot: End of partition table[0m
[0;32mI (82) esp_image: segment 0: paddr=00010020 vaddr=3f400020 size=35a64h (219748) map[0m
[0;32mI (165) esp_image: segment 1: paddr=00045a8c vaddr=3ff80000 size=0001ch (    28) load[0m
[0;32mI (165) esp_image: segment 2: paddr=00045ab0 vaddr=3ffbdb60 size=056a8h ( 22184) load[0m
[0;32mI (177) esp_image: segment 3: paddr=0004b160 vaddr=40080000 size=04eb8h ( 20152) load[0m
[0;32mI (185) esp_image: segment 4: paddr=00050020 vaddr=400d0020 size=cf828h (849960) map[0m
[0;32mI (476) esp_image: segment 5: paddr=0011f850 vaddr=40084eb8 size=13414h ( 78868) load[0m
[0;32mI (518) boot: Loaded app from partition at offset 0x10000[0m
[0;32mI (518) boot: Disabling RNG early entropy source...[0m
[0;32mI (529) cpu_start: Multicore app[0m
[0;32mI (537) cpu_start: Pro cpu start user code[0m
[0;32mI (537) cpu_start: cpu freq: 160000000 Hz[0m
[0;32mI (537) app_init: Application information:[0m
[0;32mI (538) app_init: Project name:     onoff_server[0m
[0;32mI (542) app_init: App version:      504dc72-dirty[0m
[0;32mI (546) app_init: Compile time:     May 19 2025 01:09:34[0m
[0;32mI (551) app_init: ELF file SHA256:  537a261c3...[0m
[0;32mI (556) app_init: ESP-IDF:          v5.4.1[0m
[0;32mI (559) efuse_init: Min chip rev:     v0.0[0m
[0;32mI (563) efuse_init: Max chip rev:     v3.99 [0m
[0;32mI (567) efuse_init: Chip rev:         v3.1[0m
[0;32mI (571) heap_init: Initializing. RAM available for dynamic allocation:[0m
[0;32mI (578) heap_init: At 3FFAFF10 len 000000F0 (0 KiB): DRAM[0m
[0;32mI (582) heap_init: At 3FFB6388 len 00001C78 (7 KiB): DRAM[0m
[0;32mI (588) heap_init: At 3FFB9A20 len 00004108 (16 KiB): DRAM[0m
[0;32mI (593) heap_init: At 3FFCBDD8 len 00014228 (80 KiB): DRAM[0m
[0;32mI (598) heap_init: At 3FFE0440 len 00003AE0 (14 KiB): D/IRAM[0m
[0;32mI (603) heap_init: At 3FFE4350 len 0001BCB0 (111 KiB): D/IRAM[0m
[0;32mI (609) heap_init: At 400982CC len 00007D34 (31 KiB): IRAM[0m
[0;32mI (616) spi_flash: detected chip: generic[0m
[0;32mI (618) spi_flash: flash io: dio[0m
[0;33mW (621) spi_flash: Detected size(4096k) larger than the size in the binary image header(2048k). Using the size in the binary image header.[0m
[0;32mI (634) coexist: coex firmware version: e727207[0m
[0;32mI (638) main_task: Started on CPU0[0m
[0;32mI (648) main_task: Calling app_main()[0m
[0;32mI (648) EXAMPLE: Initializing...[0m
[0;32mI (648) MQTT_SERVICE: Connecting to MQTT broker fd66ecb3.ala.asia-southeast1.emqxsl.com:8883 with TLS/SSL[0m
[0;32mI (648) MQTT_SERVICE: Other event id:7[0m

assert failed: tcpip_send_msg_wait_sem /IDF/components/lwip/lwip/src/api/tcpip.c:454 (Invalid mbox)


Backtrace: 0x40081be1:0x3ffcd4a0 0x4008fbdd:0x3ffcd4c0 0x4009639d:0x3ffcd4e0 0x40160e4b:0x3ffcd600 0x4016d39e:0x3ffcd630 0x4015ee21:0x3ffcd670 0x4013e415:0x3ffcd700 0x4013e767:0x3ffcd760 0x4013ea26:0x3ffcd7d0 0x4013ed0d:0x3ffcd810 0x4013ff56:0x3ffcd840 0x4019a089:0x3ffcd870 0x40135493:0x3ffcd890 0x40090605:0x3ffcd8c0




ELF file SHA256: 537a261c3

Rebooting...
ets Jul 29 2019 12:21:46

rst:0xc (SW_CPU_RESET),boot:0x13 (SPI_FAST_FLASH_BOOT)
configsip: 0, SPIWP:0xee
clk_drv:0x00,q_drv:0x00,d_drv:0x00,cs0_drv:0x00,hd_drv:0x00,wp_drv:0x00
mode:DIO, clock div:2
load:0x3fff0030,len:6276
load:0x40078000,len:15748
load:0x40080400,len:4
ho 8 tail 4 room 4
load:0x40080404,len:3860
entry 0x4008063c
[0;32mI (31) boot: ESP-IDF v5.4.1 2nd stage bootloader[0m
[0;32mI (31) boot: compile time May 19 2025 01:09:46[0m
[0;32mI (31) boot: Multicore bootloader[0m
[0;32mI (32) boot: chip revision: v3.1[0m
[0;32mI (35) boot.esp32: SPI Speed      : 40MHz[0m
[0;32mI (39) boot.esp32: SPI Mode       : DIO[0m
[0;32mI (42) boot.esp32: SPI Flash Size : 2MB[0m
[0;32mI (46) boot: Enabling RNG early entropy source...[0m
[0;32mI (51) boot: Partition Table:[0m
[0;32mI (53) boot: ## Label            Usage          Type ST Offset   Length[0m
[0;32mI (59) boot:  0 nvs              WiFi data        01 02 00009000 00006000[0m
[0;32mI (66) boot:  1 phy_init         RF data          01 01 0000f000 00001000[0m
[0;32mI (73) boot:  2 factory          factory app      00 00 00010000 00177000[0m
[0;32mI (79) boot: End of partition table[0m
[0;32mI (82) esp_image: segment 0: paddr=00010020 vaddr=3f400020 size=35a64h (219748) map[0m
[0;32mI (165) esp_image: segment 1: paddr=00045a8c vaddr=3ff80000 size=0001ch (    28) load[0m
[0;32mI (165) esp_image: segment 2: paddr=00045ab0 vaddr=3ffbdb60 size=056a8h ( 22184) load[0m
[0;32mI (177) esp_image: segment 3: paddr=0004b160 vaddr=40080000 size=04eb8h ( 20152) load[0m
[0;32mI (185) esp_image: segment 4: paddr=00050020 vaddr=400d0020 size=cf828h (849960) map[0m
[0;32mI (476) esp_image: segment 5: paddr=0011f850 vaddr=40084eb8 size=13414h ( 78868) load[0m
[0;32mI (518) boot: Loaded app from partition at offset 0x10000[0m
[0;32mI (518) boot: Disabling RNG early entropy source...[0m
[0;32mI (529) cpu_start: Multicore app[0m
[0;32mI (537) cpu_start: Pro cpu start user code[0m
[0;32mI (537) cpu_start: cpu freq: 160000000 Hz[0m
[0;32mI (537) app_init: Application information:[0m
[0;32mI (538) app_init: Project name:     onoff_server[0m
[0;32mI (542) app_init: App version:      504dc72-dirty[0m
[0;32mI (546) app_init: Compile time:     May 19 2025 01:09:34[0m
[0;32mI (551) app_init: ELF file SHA256:  537a261c3...[0m
[0;32mI (556) app_init: ESP-IDF:          v5.4.1[0m
[0;32mI (559) efuse_init: Min chip rev:     v0.0[0m
[0;32mI (563) efuse_init: Max chip rev:     v3.99 [0m
[0;32mI (567) efuse_init: Chip rev:         v3.1[0m
[0;32mI (571) heap_init: Initializing. RAM available for dynamic allocation:[0m
[0;32mI (578) heap_init: At 3FFAFF10 len 000000F0 (0 KiB): DRAM[0m
[0;32mI (582) heap_init: At 3FFB6388 len 00001C78 (7 KiB): DRAM[0m
[0;32mI (588) heap_init: At 3FFB9A20 len 00004108 (16 KiB): DRAM[0m
[0;32mI (593) heap_init: At 3FFCBDD8 len 00014228 (80 KiB): DRAM[0m
[0;32mI (598) heap_init: At 3FFE0440 len 00003AE0 (14 KiB): D/IRAM[0m
[0;32mI (603) heap_init: At 3FFE4350 len 0001BCB0 (111 KiB): D/IRAM[0m
[0;32mI (609) heap_init: At 400982CC len 00007D34 (31 KiB): IRAM[0m
[0;32mI (616) spi_flash: detected chip: generic[0m
[0;32mI (618) spi_flash: flash io: dio[0m
[0;33mW (621) spi_flash: Detected size(4096k) larger than the size in the binary image header(2048k). Using the size in the binary image header.[0m
[0;32mI (634) coexist: coex firmware version: e727207[0m
[0;32mI (638) main_task: Started on CPU0[0m
[0;32mI (648) main_task: Calling app_main()[0m
[0;32mI (648) EXAMPLE: Initializing...[0m
[0;32mI (648) MQTT_SERVICE: Connecting to MQTT broker fd66ecb3.ala.asia-southeast1.emqxsl.com:8883 with TLS/SSL[0m
[0;32mI (648) MQTT_SERVICE: Other event id:7[0m

assert failed: tcpip_send_msg_wait_sem /IDF/components/lwip/lwip/src/api/tcpip.c:454 (Invalid mbox)


Backtrace: 0x40081be1:0x3ffcd4a0 0x4008fbdd:0x3ffcd4c0 0x4009639d:0x3ffcd4e0 0x40160e4b:0x3ffcd600 0x4016d39e:0x3ffcd630 0x4015ee21:0x3ffcd670 0x4013e415:0x3ffcd700 0x4013e767:0x3ffcd760 0x4013ea26:0x3ffcd7d0 0x4013ed0d:0x3ffcd810 0x4013ff56:0x3ffcd840 0x4019a089:0x3ffcd870 0x40135493:0x3ffcd890 0x40090605:0x3ffcd8c0




ELF file SHA256: 537a261c3

Rebooting...
ets Jul 29 2019 12:21:46

rst:0xc (SW_CPU_RESET),boot:0x13 (SPI_FAST_FLASH_BOOT)
configsip: 0, SPIWP:0xee
clk_drv:0x00,q_drv:0x00,d_drv:0x00,cs0_drv:0x00,hd_drv:0x00,wp_drv:0x00
mode:DIO, clock div:2
load:0x3fff0030,len:6276
load:0x40078000,len:15748
load:0x40080400,len:4
ho 8 tail 4 room 4
load:0x40080404,len:3860
entry 0x4008063c
[0;32mI (31) boot: ESP-IDF v5.4.1 2nd stage bootloader[0m
[0;32mI (31) boot: compile time May 19 2025 01:09:46[0m
[0;32mI (31) boot: Multicore bootloader[0m
[0;32mI (32) boot: chip revision: v3.1[0m
[0;32mI (35) boot.esp32: SPI Speed      : 40MHz[0m
[0;32mI (39) boot.esp32: SPI Mode       : DIO[0m
[0;32mI (42) boot.esp32: SPI Flash Size : 2MB[0m
[0;32mI (46) boot: Enabling RNG early entropy source...[0m
[0;32mI (51) boot: Partition Table:[0m
[0;32mI (53) boot: ## Label            Usage          Type ST Offset   Length[0m
[0;32mI (59) boot:  0 nvs              WiFi data        01 02 00009000 00006000[0m
[0;32mI (66) boot:  1 phy_init         RF data          01 01 0000f000 00001000[0m
[0;32mI (73) boot:  2 factory          factory app      00 00 00010000 00177000[0m
[0;32mI (79) boot: End of partition table[0m
[0;32mI (82) esp_image: segment 0: paddr=00010020 vaddr=3f400020 size=35a64h (219748) map[0m
[0;32mI (165) esp_image: segment 1: paddr=00045a8c vaddr=3ff80000 size=0001ch (    28) load[0m
[0;32mI (165) esp_image: segment 2: paddr=00045ab0 vaddr=3ffbdb60 size=056a8h ( 22184) load[0m
[0;32mI (177) esp_image: segment 3: paddr=0004b160 vaddr=40080000 size=04eb8h ( 20152) load[0m
[0;32mI (185) esp_image: segment 4: paddr=00050020 vaddr=400d0020 size=cf828h (849960) map[0m
[0;32mI (476) esp_image: segment 5: paddr=0011f850 vaddr=40084eb8 size=13414h ( 78868) load[0m
[0;32mI (518) boot: Loaded app from partition at offset 0x10000[0m
[0;32mI (518) boot: Disabling RNG early entropy source...[0m
[0;32mI (529) cpu_start: Multicore app[0m
[0;32mI (537) cpu_start: Pro cpu start user code[0m
[0;32mI (537) cpu_start: cpu freq: 160000000 Hz[0m
[0;32mI (537) app_init: Application information:[0m
[0;32mI (538) app_init: Project name:     onoff_server[0m
[0;32mI (542) app_init: App version:      504dc72-dirty[0m
[0;32mI (546) app_init: Compile time:     May 19 2025 01:09:34[0m
[0;32mI (551) app_init: ELF file SHA256:  537a261c3...[0m
[0;32mI (556) app_init: ESP-IDF:          v5.4.1[0m
[0;32mI (559) efuse_init: Min chip rev:     v0.0[0m
[0;32mI (563) efuse_init: Max chip rev:     v3.99 [0m
[0;32mI (567) efuse_init: Chip rev:         v3.1[0m
[0;32mI (571) heap_init: Initializing. RAM available for dynamic allocation:[0m
[0;32mI (578) heap_init: At 3FFAFF10 len 000000F0 (0 KiB): DRAM[0m
[0;32mI (582) heap_init: At 3FFB6388 len 00001C78 (7 KiB): DRAM[0m
[0;32mI (588) heap_init: At 3FFB9A20 len 00004108 (16 KiB): DRAM[0m
[0;32mI (593) heap_init: At 3FFCBDD8 len 00014228 (80 KiB): DRAM[0m
[0;32mI (598) heap_init: At 3FFE0440 len 00003AE0 (14 KiB): D/IRAM[0m
[0;32mI (603) heap_init: At 3FFE4350 len 0001BCB0 (111 KiB): D/IRAM[0m
[0;32mI (609) heap_init: At 400982CC len 00007D34 (31 KiB): IRAM[0m
[0;32mI (616) spi_flash: detected chip: generic[0m
[0;32mI (618) spi_flash: flash io: dio[0m
[0;33mW (621) spi_flash: Detected size(4096k) larger than the size in the binary image header(2048k). Using the size in the binary image header.[0m
[0;32mI (634) coexist: coex firmware version: e727207[0m
[0;32mI (638) main_task: Started on CPU0[0m
[0;32mI (648) main_task: Calling app_main()[0m
[0;32mI (648) EXAMPLE: Initializing...[0m
[0;32mI (648) MQTT_SERVICE: Connecting to MQTT broker fd66ecb3.ala.asia-southeast1.emqxsl.com:8883 with TLS/SSL[0m
[0;32mI (648) MQTT_SERVICE: Other event id:7[0m

assert failed: tcpip_send_msg_wait_sem /IDF/components/lwip/lwip/src/api/tcpip.c:454 (Invalid mbox)


Backtrace: 0x40081be1:0x3ffcd4a0 0x4008fbdd:0x3ffcd4c0 0x4009639d:0x3ffcd4e0 0x40160e4b:0x3ffcd600 0x4016d39e:0x3ffcd630 0x4015ee21:0x3ffcd670 0x4013e415:0x3ffcd700 0x4013e767:0x3ffcd760 0x4013ea26:0x3ffcd7d0 0x4013ed0d:0x3ffcd810 0x4013ff56:0x3ffcd840 0x4019a089:0x3ffcd870 0x40135493:0x3ffcd890 0x40090605:0x3ffcd8c0




ELF file SHA256: 537a261c3

Rebooting...
ets Jul 29 2019 12:21:46

rst:0xc (SW_CPU_RESET),boot:0x13 (SPI_FAST_FLASH_BOOT)
configsip: 0, SPIWP:0xee
clk_drv:0x00,q_drv:0x00,d_drv:0x00,cs0_drv:0x00,hd_drv:0x00,wp_drv:0x00
mode:DIO, clock div:2
load:0x3fff0030,len:6276
load:0x40078000,len:15748
load:0x40080400,len:4
ho 8 tail 4 room 4
load:0x40080404,len:3860
entry 0x4008063c
[0;32mI (31) boot: ESP-IDF v5.4.1 2nd stage bootloader[0m
[0;32mI (31) boot: compile time May 19 2025 01:09:46[0m
[0;32mI (31) boot: Multicore bootloader[0m
[0;32mI (32) boot: chip revision: v3.1[0m
[0;32mI (35) boot.esp32: SPI Speed      : 40MHz[0m
[0;32mI (39) boot.esp32: SPI Mode       : DIO[0m
[0;32mI (42) boot.esp32: SPI Flash Size : 2MB[0m
[0;32mI (46) boot: Enabling RNG early entropy source...[0m
[0;32mI (51) boot: Partition Table:[0m
[0;32mI (53) boot: ## Label            Usage          Type ST Offset   Length[0m
[0;32mI (59) boot:  0 nvs              WiFi data        01 02 00009000 00006000[0m
[0;32mI (66) boot:  1 phy_init         RF data          01 01 0000f000 00001000[0m
[0;32mI (72) boot:  2 factory          factory app      00 00 00010000 00177000[0m
[0;32mI (79) boot: End of partition table[0m
[0;32mI (82) esp_image: segment 0: paddr=00010020 vaddr=3f400020 size=35a64h (219748) map[0m
[0;32mI (165) esp_image: segment 1: paddr=00045a8c vaddr=3ff80000 size=0001ch (    28) load[0m
[0;32mI (165) esp_image: segment 2: paddr=00045ab0 vaddr=3ffbdb60 size=056a8h ( 22184) load[0m
[0;32mI (177) esp_image: segment 3: paddr=0004b160 vaddr=40080000 size=04eb8h ( 20152) load[0m
[0;32mI (185) esp_image: segment 4: paddr=00050020 vaddr=400d0020 size=cf828h (849960) map[0m
[0;32mI (476) esp_image: segment 5: paddr=0011f850 vaddr=40084eb8 size=13414h ( 78868) load[0m
[0;32mI (518) boot: Loaded app from partition at offset 0x10000[0m
[0;32mI (518) boot: Disabling RNG early entropy source...[0m
[0;32mI (529) cpu_start: Multicore app[0m
[0;32mI (537) cpu_start: Pro cpu start user code[0m
[0;32mI (537) cpu_start: cpu freq: 160000000 Hz[0m
[0;32mI (537) app_init: Application information:[0m
[0;32mI (538) app_init: Project name:     onoff_server[0m
[0;32mI (542) app_init: App version:      504dc72-dirty[0m
[0;32mI (546) app_init: Compile time:     May 19 2025 01:09:34[0m
[0;32mI (551) app_init: ELF file SHA256:  537a261c3...[0m
[0;32mI (556) app_init: ESP-IDF:          v5.4.1[0m
[0;32mI (559) efuse_init: Min chip rev:     v0.0[0m
[0;32mI (563) efuse_init: Max chip rev:     v3.99 [0m
[0;32mI (567) efuse_init: Chip rev:         v3.1[0m
[0;32mI (571) heap_init: Initializing. RAM available for dynamic allocation:[0m
[0;32mI (578) heap_init: At 3FFAFF10 len 000000F0 (0 KiB): DRAM[0m
[0;32mI (582) heap_init: At 3FFB6388 len 00001C78 (7 KiB): DRAM[0m
[0;32mI (588) heap_init: At 3FFB9A20 len 00004108 (16 KiB): DRAM[0m
[0;32mI (593) heap_init: At 3FFCBDD8 len 00014228 (80 KiB): DRAM[0m
[0;32mI (598) heap_init: At 3FFE0440 len 00003AE0 (14 KiB): D/IRAM[0m
[0;32mI (603) heap_init: At 3FFE4350 len 0001BCB0 (111 KiB): D/IRAM[0m
[0;32mI (609) heap_init: At 400982CC len 00007D34 (31 KiB): IRAM[0m
[0;32mI (616) spi_flash: detected chip: generic[0m
[0;32mI (618) spi_flash: flash io: dio[0m
[0;33mW (621) spi_flash: Detected size(4096k) larger than the size in the binary image header(2048k). Using the size in the binary image header.[0m
[0;32mI (634) coexist: coex firmware version: e727207[0m
[0;32mI (638) main_task: Started on CPU0[0m
[0;32mI (648) main_task: Calling app_main()[0m
[0;32mI (648) EXAMPLE: Initializing...[0m
[0;32mI (648) MQTT_SERVICE: Connecting to MQTT broker fd66ecb3.ala.asia-southeast1.emqxsl.com:8883 with TLS/SSL[0m
[0;32mI (648) MQTT_SERVICE: Other event id:7[0m

assert failed: tcpip_send_msg_wait_sem /IDF/components/lwip/lwip/src/api/tcpip.c:454 (Invalid mbox)


Backtrace: 0x40081be1:0x3ffcd4a0 0x4008fbdd:0x3ffcd4c0 0x4009639d:0x3ffcd4e0 0x40160e4b:0x3ffcd600 0x4016d39e:0x3ffcd630 0x4015ee21:0x3ffcd670 0x4013e415:0x3ffcd700 0x4013e767:0x3ffcd760 0x4013ea26:0x3ffcd7d0 0x4013ed0d:0x3ffcd810 0x4013ff56:0x3ffcd840 0x4019a089:0x3ffcd870 0x40135493:0x3ffcd890 0x40090605:0x3ffcd8c0




ELF file SHA256: 537a261c3

Rebooting...
ets Jul 29 2019 12:21:46

rst:0xc (SW_CPU_RESET),boot:0x13 (SPI_FAST_FLASH_BOOT)
configsip: 0, SPIWP:0xee
clk_drv:0x00,q_drv:0x00,d_drv:0x00,cs0_drv:0x00,hd_drv:0x00,wp_drv:0x00
mode:DIO, clock div:2
load:0x3fff0030,len:6276
load:0x40078000,len:15748
load:0x40080400,len:4
ho 8 tail 4 room 4
load:0x40080404,len:3860
entry 0x4008063c
[0;32mI (31) boot: ESP-IDF v5.4.1 2nd stage bootloader[0m
[0;32mI (31) boot: compile time May 19 2025 01:09:46[0m
[0;32mI (31) boot: Multicore bootloader[0m
[0;32mI (32) boot: chip revision: v3.1[0m
[0;32mI (35) boot.esp32: SPI Speed      : 40MHz[0m
[0;32mI (39) boot.esp32: SPI Mode       : DIO[0m
[0;32mI (42) boot.esp32: SPI Flash Size : 2MB[0m
[0;32mI (46) boot: Enabling RNG early entropy source...[0m
[0;32mI (51) boot: Partition Table:[0m
[0;32mI (53) boot: ## Label            Usage          Type ST Offset   Length[0m
[0;32mI (59) boot:  0 nvs              WiFi data        01 02 00009000 00006000[0m
[0;32mI (66) boot:  1 phy_init         RF data          01 01 0000f000 00001000[0m
[0;32mI (72) boot:  2 factory          factory app      00 00 00010000 00177000[0m
[0;32mI (79) boot: End of partition table[0m
[0;32mI (82) esp_image: segment 0: paddr=00010020 vaddr=3f400020 size=35a64h (219748) map[0m
[0;32mI (165) esp_image: segment 1: paddr=00045a8c vaddr=3ff80000 size=0001ch (    28) load[0m
[0;32mI (165) esp_image: segment 2: paddr=00045ab0 vaddr=3ffbdb60 size=056a8h ( 22184) load[0m
[0;32mI (177) esp_image: segment 3: paddr=0004b160 vaddr=40080000 size=04eb8h ( 20152) load[0m
[0;32mI (185) esp_image: segment 4: paddr=00050020 vaddr=400d0020 size=cf828h (849960) map[0m
[0;32mI (476) esp_image: segment 5: paddr=0011f850 vaddr=40084eb8 size=13414h ( 78868) load[0m
[0;32mI (518) boot: Loaded app from partition at offset 0x10000[0m
[0;32mI (518) boot: Disabling RNG early entropy source...[0m
[0;32mI (529) cpu_start: Multicore app[0m
[0;32mI (537) cpu_start: Pro cpu start user code[0m
[0;32mI (537) cpu_start: cpu freq: 160000000 Hz[0m
[0;32mI (537) app_init: Application information:[0m
[0;32mI (538) app_init: Project name:     onoff_server[0m
[0;32mI (542) app_init: App version:      504dc72-dirty[0m
[0;32mI (546) app_init: Compile time:     May 19 2025 01:09:34[0m
[0;32mI (551) app_init: ELF file SHA256:  537a261c3...[0m
[0;32mI (556) app_init: ESP-IDF:          v5.4.1[0m
[0;32mI (559) efuse_init: Min chip rev:     v0.0[0m
[0;32mI (563) efuse_init: Max chip rev:     v3.99 [0m
[0;32mI (567) efuse_init: Chip rev:         v3.1[0m
[0;32mI (571) heap_init: Initializing. RAM available for dynamic allocation:[0m
[0;32mI (578) heap_init: At 3FFAFF10 len 000000F0 (0 KiB): DRAM[0m
[0;32mI (582) heap_init: At 3FFB6388 len 00001C78 (7 KiB): DRAM[0m
[0;32mI (588) heap_init: At 3FFB9A20 len 00004108 (16 KiB): DRAM[0m
[0;32mI (593) heap_init: At 3FFCBDD8 len 00014228 (80 KiB): DRAM[0m
[0;32mI (598) heap_init: At 3FFE0440 len 00003AE0 (14 KiB): D/IRAM[0m
[0;32mI (603) heap_init: At 3FFE4350 len 0001BCB0 (111 KiB): D/IRAM[0m
[0;32mI (609) heap_init: At 400982CC len 00007D34 (31 KiB): IRAM[0m
[0;32mI (616) spi_flash: detected chip: generic[0m
[0;32mI (618) spi_flash: flash io: dio[0m
[0;33mW (621) spi_flash: Detected size(4096k) larger than the size in the binary image header(2048k). Using the size in the binary image header.[0m
[0;32mI (634) coexist: coex firmware version: e727207[0m
[0;32mI (638) main_task: Started on CPU0[0m
[0;32mI (648) main_task: Calling app_main()[0m
[0;32mI (648) EXAMPLE: Initializing...[0m
[0;32mI (648) MQTT_SERVICE: Connecting to MQTT broker fd66ecb3.ala.asia-southeast1.emqxsl.com:8883 with TLS/SSL[0m
[0;32mI (648) MQTT_SERVICE: Other event id:7[0m

assert failed: tcpip_send_msg_wait_sem /IDF/components/lwip/lwip/src/api/tcpip.c:454 (Invalid mbox)


Backtrace: 0x40081be1:0x3ffcd4a0 0x4008fbdd:0x3ffcd4c0 0x4009639d:0x3ffcd4e0 0x40160e4b:0x3ffcd600 0x4016d39e:0x3ffcd630 0x4015ee21:0x3ffcd670 0x4013e415:0x3ffcd700 0x4013e767:0x3ffcd760 0x4013ea26:0x3ffcd7d0 0x4013ed0d:0x3ffcd810 0x4013ff56:0x3ffcd840 0x4019a089:0x3ffcd870 0x40135493:0x3ffcd890 0x40090605:0x3ffcd8c0




ELF file SHA256: 537a261c3

Rebooting...
ets Jul 29 2019 12:21:46

rst:0xc (SW_CPU_RESET),boot:0x13 (SPI_FAST_FLASH_BOOT)
configsip: 0, SPIWP:0xee
clk_drv:0x00,q_drv:0x00,d_drv:0x00,cs0_drv:0x00,hd_drv:0x00,wp_drv:0x00
mode:DIO, clock div:2
load:0x3fff0030,len:6276
load:0x40078000,len:15748
load:0x40080400,len:4
ho 8 tail 4 room 4
load:0x40080404,len:3860
entry 0x4008063c
[0;32mI (31) boot: ESP-IDF v5.4.1 2nd stage bootloader[0m
[0;32mI (31) boot: compile time May 19 2025 01:09:46[0m
[0;32mI (31) boot: Multicore bootloader[0m
[0;32mI (32) boot: chip revision: v3.1[0m
[0;32mI (35) boot.esp32: SPI Speed      : 40MHz[0m
[0;32mI (39) boot.esp32: SPI Mode       : DIO[0m
[0;32mI (42) boot.esp32: SPI Flash Size : 2MB[0m
[0;32mI (46) boot: Enabling RNG early entropy source...[0m
[0;32mI (51) boot: Partition Table:[0m
[0;32mI (53) boot: ## Label            Usage          Type ST Offset   Length[0m
[0;32mI (59) boot:  0 nvs              WiFi data        01 02 00009000 00006000[0m
[0;32mI (66) boot:  1 phy_init         RF data          01 01 0000f000 00001000[0m
[0;32mI (72) boot:  2 factory          factory app      00 00 00010000 00177000[0m
[0;32mI (79) boot: End of partition table[0m
[0;32mI (82) esp_image: segment 0: paddr=00010020 vaddr=3f400020 size=35a64h (219748) map[0m
[0;32mI (165) esp_image: segment 1: paddr=00045a8c vaddr=3ff80000 size=0001ch (    28) load[0m
[0;32mI (165) esp_image: segment 2: paddr=00045ab0 vaddr=3ffbdb60 size=056a8h ( 22184) load[0m
[0;32mI (177) esp_image: segment 3: paddr=0004b160 vaddr=40080000 size=04eb8h ( 20152) load[0m
[0;32mI (185) esp_image: segment 4: paddr=00050020 vaddr=400d0020 size=cf828h (849960) map[0m
[0;32mI (476) esp_image: segment 5: paddr=0011f850 vaddr=40084eb8 size=13414h ( 78868) load[0m
[0;32mI (518) boot: Loaded app from partition at offset 0x10000[0m
[0;32mI (518) boot: Disabling RNG early entropy source...[0m
[0;32mI (529) cpu_start: Multicore app[0m
[0;32mI (537) cpu_start: Pro cpu start user code[0m
[0;32mI (537) cpu_start: cpu freq: 160000000 Hz[0m
[0;32mI (537) app_init: Application information:[0m
[0;32mI (538) app_init: Project name:     onoff_server[0m
[0;32mI (542) app_init: App version:      504dc72-dirty[0m
[0;32mI (546) app_init: Compile time:     May 19 2025 01:09:34[0m
[0;32mI (551) app_init: ELF file SHA256:  537a261c3...[0m
[0;32mI (556) app_init: ESP-IDF:          v5.4.1[0m
[0;32mI (559) efuse_init: Min chip rev:     v0.0[0m
[0;32mI (563) efuse_init: Max chip rev:     v3.99 [0m
[0;32mI (567) efuse_init: Chip rev:         v3.1[0m
[0;32mI (571) heap_init: Initializing. RAM available for dynamic allocation:[0m
[0;32mI (578) heap_init: At 3FFAFF10 len 000000F0 (0 KiB): DRAM[0m
[0;32mI (582) heap_init: At 3FFB6388 len 00001C78 (7 KiB): DRAM[0m
[0;32mI (588) heap_init: At 3FFB9A20 len 00004108 (16 KiB): DRAM[0m
[0;32mI (593) heap_init: At 3FFCBDD8 len 00014228 (80 KiB): DRAM[0m
[0;32mI (598) heap_init: At 3FFE0440 len 00003AE0 (14 KiB): D/IRAM[0m
[0;32mI (603) heap_init: At 3FFE4350 len 0001BCB0 (111 KiB): D/IRAM[0m
[0;32mI (609) heap_init: At 400982CC len 00007D34 (31 KiB): IRAM[0m
[0;32mI (616) spi_flash: detected chip: generic[0m
[0;32mI (618) spi_flash: flash io: dio[0m
[0;33mW (621) spi_flash: Detected size(4096k) larger than the size in the binary image header(2048k). Using the size in the binary image header.[0m
[0;32mI (634) coexist: coex firmware version: e727207[0m
[0;32mI (638) main_task: Started on CPU0[0m
[0;32mI (648) main_task: Calling app_main()[0m
[0;32mI (648) EXAMPLE: Initializing...[0m
[0;32mI (648) MQTT_SERVICE: Connecting to MQTT broker fd66ecb3.ala.asia-southeast1.emqxsl.com:8883 with TLS/SSL[0m
[0;32mI (648) MQTT_SERVICE: Other event id:7[0m

assert failed: tcpip_send_msg_wait_sem /IDF/components/lwip/lwip/src/api/tcpip.c:454 (Invalid mbox)


Backtrace: 0x40081be1:0x3ffcd4a0 0x4008fbdd:0x3ffcd4c0 0x4009639d:0x3ffcd4e0 0x40160e4b:0x3ffcd600 0x4016d39e:0x3ffcd630 0x4015ee21:0x3ffcd670 0x4013e415:0x3ffcd700 0x4013e767:0x3ffcd760 0x4013ea26:0x3ffcd7d0 0x4013ed0d:0x3ffcd810 0x4013ff56:0x3ffcd840 0x4019a089:0x3ffcd870 0x40135493:0x3ffcd890 0x40090605:0x3ffcd8c0




ELF file SHA256: 537a261c3

Rebooting...
ets Jul 29 2019 12:21:46

rst:0xc (SW_CPU_RESET),boot:0x13 (SPI_FAST_FLASH_BOOT)
configsip: 0, SPIWP:0xee
clk_drv:0x00,q_drv:0x00,d_drv:0x00,cs0_drv:0x00,hd_drv:0x00,wp_drv:0x00
mode:DIO, clock div:2
load:0x3fff0030,len:6276
load:0x40078000,len:15748
load:0x40080400,len:4
ho 8 tail 4 room 4
load:0x40080404,len:3860
entry 0x4008063c
[0;32mI (31) boot: ESP-IDF v5.4.1 2nd stage bootloader[0m
[0;32mI (31) boot: compile time May 19 2025 01:09:46[0m
[0;32mI (31) boot: Multicore bootloader[0m
[0;32mI (32) boot: chip revision: v3.1[0m
[0;32mI (35) boot.esp32: SPI Speed      : 40MHz[0m
[0;32mI (39) boot.esp32: SPI Mode       : DIO[0m
[0;32mI (42) boot.esp32: SPI Flash Size : 2MB[0m
[0;32mI (46) boot: Enabling RNG early entropy source...[0m
[0;32mI (51) boot: Partition Table:[0m
[0;32mI (53) boot: ## Label            Usage          Type ST Offset   Length[0m
[0;32mI (59) boot:  0 nvs              WiFi data        01 02 00009000 00006000[0m
[0;32mI (66) boot:  1 phy_init         RF data          01 01 0000f000 00001000[0m
[0;32mI (72) boot:  2 factory          factory app      00 00 00010000 00177000[0m
[0;32mI (79) boot: End of partition table[0m
[0;32mI (82) esp_image: segment 0: paddr=00010020 vaddr=3f400020 size=35a64h (219748) map[0m
[0;32mI (165) esp_image: segment 1: paddr=00045a8c vaddr=3ff80000 size=0001ch (    28) load[0m
[0;32mI (165) esp_image: segment 2: paddr=00045ab0 vaddr=3ffbdb60 size=056a8h ( 22184) load[0m
[0;32mI (177) esp_image: segment 3: paddr=0004b160 vaddr=40080000 size=04eb8h ( 20152) load[0m
[0;32mI (185) esp_image: segment 4: paddr=00050020 vaddr=400d0020 size=cf828h (849960) map[0m
[0;32mI (476) esp_image: segment 5: paddr=0011f850 vaddr=40084eb8 size=13414h ( 78868) load[0m
[0;32mI (518) boot: Loaded app from partition at offset 0x10000[0m
[0;32mI (518) boot: Disabling RNG early entropy source...[0m
[0;32mI (529) cpu_start: Multicore app[0m
[0;32mI (537) cpu_start: Pro cpu start user code[0m
[0;32mI (537) cpu_start: cpu freq: 160000000 Hz[0m
[0;32mI (537) app_init: Application information:[0m
[0;32mI (538) app_init: Project name:     onoff_server[0m
[0;32mI (542) app_init: App version:      504dc72-dirty[0m
[0;32mI (546) app_init: Compile time:     May 19 2025 01:09:34[0m
[0;32mI (551) app_init: ELF file SHA256:  537a261c3...[0m
[0;32mI (556) app_init: ESP-IDF:          v5.4.1[0m
[0;32mI (559) efuse_init: Min chip rev:     v0.0[0m
[0;32mI (563) efuse_init: Max chip rev:     v3.99 [0m
[0;32mI (567) efuse_init: Chip rev:         v3.1[0m
[0;32mI (571) heap_init: Initializing. RAM available for dynamic allocation:[0m
[0;32mI (578) heap_init: At 3FFAFF10 len 000000F0 (0 KiB): DRAM[0m
[0;32mI (582) heap_init: At 3FFB6388 len 00001C78 (7 KiB): DRAM[0m
[0;32mI (588) heap_init: At 3FFB9A20 len 00004108 (16 KiB): DRAM[0m
[0;32mI (593) heap_init: At 3FFCBDD8 len 00014228 (80 KiB): DRAM[0m
[0;32mI (598) heap_init: At 3FFE0440 len 00003AE0 (14 KiB): D/IRAM[0m
[0;32mI (603) heap_init: At 3FFE4350 len 0001BCB0 (111 KiB): D/IRAM[0m
[0;32mI (609) heap_init: At 400982CC len 00007D34 (31 KiB): IRAM[0m
[0;32mI (616) spi_flash: detected chip: generic[0m
[0;32mI (618) spi_flash: flash io: dio[0m
[0;33mW (621) spi_flash: Detected size(4096k) larger than the size in the binary image header(2048k). Using the size in the binary image header.[0m
[0;32mI (634) coexist: coex firmware version: e727207[0m
[0;32mI (638) main_task: Started on CPU0[0m
[0;32mI (648) main_task: Calling app_main()[0m
[0;32mI (648) EXAMPLE: Initializing...[0m
[0;32mI (648) MQTT_SERVICE: Connecting to MQTT broker fd66ecb3.ala.asia-southeast1.emqxsl.com:8883 with TLS/SSL[0m
[0;32mI (648) MQTT_SERVICE: Other event id:7[0m

assert failed: tcpip_send_msg_wait_sem /IDF/components/lwip/lwip/src/api/tcpip.c:454 (Invalid mbox)


Backtrace: 0x40081be1:0x3ffcd4a0 0x4008fbdd:0x3ffcd4c0 0x4009639d:0x3ffcd4e0 0x40160e4b:0x3ffcd600 0x4016d39e:0x3ffcd630 0x4015ee21:0x3ffcd670 0x4013e415:0x3ffcd700 0x4013e767:0x3ffcd760 0x4013ea26:0x3ffcd7d0 0x4013ed0d:0x3ffcd810 0x4013ff56:0x3ffcd840 0x4019a089:0x3ffcd870 0x40135493:0x3ffcd890 0x40090605:0x3ffcd8c0




ELF file SHA256: 537a261c3

Rebooting...
ets Jul 29 2019 12:21:46

rst:0xc (SW_CPU_RESET),boot:0x13 (SPI_FAST_FLASH_BOOT)
configsip: 0, SPIWP:0xee
clk_drv:0x00,q_drv:0x00,d_drv:0x00,cs0_drv:0x00,hd_drv:0x00,wp_drv:0x00
mode:DIO, clock div:2
load:0x3fff0030,len:6276
load:0x40078000,len:15748
load:0x40080400,len:4
ho 8 tail 4 room 4
load:0x40080404,len:3860
entry 0x4008063c
[0;32mI (31) boot: ESP-IDF v5.4.1 2nd stage bootloader[0m
[0;32mI (31) boot: compile time May 19 2025 01:09:46[0m
[0;32mI (31) boot: Multicore bootloader[0m
[0;32mI (32) boot: chip revision: v3.1[0m
[0;32mI (35) boot.esp32: SPI Speed      : 40MHz[0m
[0;32mI (39) boot.esp32: SPI Mode       : DIO[0m
[0;32mI (42) boot.esp32: SPI Flash Size : 2MB[0m
[0;32mI (46) boot: Enabling RNG early entropy source...[0m
[0;32mI (51) boot: Partition Table:[0m
[0;32mI (53) boot: ## Label            Usage          Type ST Offset   Length[0m
[0;32mI (59) boot:  0 nvs              WiFi data        01 02 00009000 00006000[0m
[0;32mI (66) boot:  1 phy_init         RF data          01 01 0000f000 00001000[0m
[0;32mI (72) boot:  2 factory          factory app      00 00 00010000 00177000[0m
[0;32mI (79) boot: End of partition table[0m
[0;32mI (82) esp_image: segment 0: paddr=00010020 vaddr=3f400020 size=35a64h (219748) map[0m
[0;32mI (165) esp_image: segment 1: paddr=00045a8c vaddr=3ff80000 size=0001ch (    28) load[0m
[0;32mI (165) esp_image: segment 2: paddr=00045ab0 vaddr=3ffbdb60 size=056a8h ( 22184) load[0m
[0;32mI (177) esp_image: segment 3: paddr=0004b160 vaddr=40080000 size=04eb8h ( 20152) load[0m
[0;32mI (185) esp_image: segment 4: paddr=00050020 vaddr=400d0020 size=cf828h (849960) map[0m
[0;32mI (476) esp_image: segment 5: paddr=0011f850 vaddr=40084eb8 size=13414h ( 78868) load[0m
[0;32mI (518) boot: Loaded app from partition at offset 0x10000[0m
[0;32mI (518) boot: Disabling RNG early entropy source...[0m
[0;32mI (529) cpu_start: Multicore app[0m
[0;32mI (537) cpu_start: Pro cpu start user code[0m
[0;32mI (537) cpu_start: cpu freq: 160000000 Hz[0m
[0;32mI (537) app_init: Application information:[0m
[0;32mI (538) app_init: Project name:     onoff_server[0m
[0;32mI (542) app_init: App version:      504dc72-dirty[0m
[0;32mI (546) app_init: Compile time:     May 19 2025 01:09:34[0m
[0;32mI (551) app_init: ELF file SHA256:  537a261c3...[0m
[0;32mI (556) app_init: ESP-IDF:          v5.4.1[0m
[0;32mI (559) efuse_init: Min chip rev:     v0.0[0m
[0;32mI (563) efuse_init: Max chip rev:     v3.99 [0m
[0;32mI (567) efuse_init: Chip rev:         v3.1[0m
[0;32mI (571) heap_init: Initializing. RAM available for dynamic allocation:[0m
[0;32mI (578) heap_init: At 3FFAFF10 len 000000F0 (0 KiB): DRAM[0m
[0;32mI (582) heap_init: At 3FFB6388 len 00001C78 (7 KiB): DRAM[0m
[0;32mI (588) heap_init: At 3FFB9A20 len 00004108 (16 KiB): DRAM[0m
[0;32mI (593) heap_init: At 3FFCBDD8 len 00014228 (80 KiB): DRAM[0m
[0;32mI (598) heap_init: At 3FFE0440 len 00003AE0 (14 KiB): D/IRAM[0m
[0;32mI (603) heap_init: At 3FFE4350 len 0001BCB0 (111 KiB): D/IRAM[0m
[0;32mI (609) heap_init: At 400982CC len 00007D34 (31 KiB): IRAM[0m
[0;32mI (616) spi_flash: detected chip: generic[0m
[0;32mI (618) spi_flash: flash io: dio[0m
[0;33mW (621) spi_flash: Detected size(4096k) larger than the size in the binary image header(2048k). Using the size in the binary image header.[0m
[0;32mI (634) coexist: coex firmware version: e727207[0m
[0;32mI (638) main_task: Started on CPU0[0m
[0;32mI (648) main_task: Calling app_main()[0m
[0;32mI (648) EXAMPLE: Initializing...[0m
[0;32mI (648) MQTT_SERVICE: Connecting to MQTT broker fd66ecb3.ala.asia-southeast1.emqxsl.com:8883 with TLS/SSL[0m
[0;32mI (648) MQTT_SERVICE: Other event id:7[0m

assert failed: tcpip_send_msg_wait_sem /IDF/components/lwip/lwip/src/api/tcpip.c:454 (Invalid mbox)


Backtrace: 0x40081be1:0x3ffcd4a0 0x4008fbdd:0x3ffcd4c0 0x4009639d:0x3ffcd4e0 0x40160e4b:0x3ffcd600 0x4016d39e:0x3ffcd630 0x4015ee21:0x3ffcd670 0x4013e415:0x3ffcd700 0x4013e767:0x3ffcd760 0x4013ea26:0x3ffcd7d0 0x4013ed0d:0x3ffcd810 0x4013ff56:0x3ffcd840 0x4019a089:0x3ffcd870 0x40135493:0x3ffcd890 0x40090605:0x3ffcd8c0




ELF file SHA256: 537a261c3

Rebooting...
ets Jul 29 2019 12:21:46

rst:0xc (SW_CPU_RESET),boot:0x13 (SPI_FAST_FLASH_BOOT)
configsip: 0, SPIWP:0xee
clk_drv:0x00,q_drv:0x00,d_drv:0x00,cs0_drv:0x00,hd_drv:0x00,wp_drv:0x00
mode:DIO, clock div:2
load:0x3fff0030,len:6276
load:0x40078000,len:15748
load:0x40080400,len:4
ho 8 tail 4 room 4
load:0x40080404,len:3860
entry 0x4008063c
[0;32mI (31) boot: ESP-IDF v5.4.1 2nd stage bootloader[0m
[0;32mI (31) boot: compile time May 19 2025 01:09:46[0m
[0;32mI (31) boot: Multicore bootloader[0m
[0;32mI (32) boot: chip revision: v3.1[0m
[0;32mI (35) boot.esp32: SPI Speed      : 40MHz[0m
[0;32mI (39) boot.esp32: SPI Mode       : DIO[0m
[0;32mI (42) boot.esp32: SPI Flash Size : 2MB[0m
[0;32mI (46) boot: Enabling RNG early entropy source...[0m
[0;32mI (51) boot: Partition Table:[0m
[0;32mI (53) boot: ## Label            Usage          Type ST Offset   Length[0m
[0;32mI (59) boot:  0 nvs              WiFi data        01 02 00009000 00006000[0m
[0;32mI (66) boot:  1 phy_init         RF data          01 01 0000f000 00001000[0m
[0;32mI (73) boot:  2 factory          factory app      00 00 00010000 00177000[0m
[0;32mI (79) boot: End of partition table[0m
[0;32mI (82) esp_image: segment 0: paddr=00010020 vaddr=3f400020 size=35a64h (219748) map[0m
[0;32mI (165) esp_image: segment 1: paddr=00045a8c vaddr=3ff80000 size=0001ch (    28) load[0m
[0;32mI (165) esp_image: segment 2: paddr=00045ab0 vaddr=3ffbdb60 size=056a8h ( 22184) load[0m
[0;32mI (177) esp_image: segment 3: paddr=0004b160 vaddr=40080000 size=04eb8h ( 20152) load[0m
[0;32mI (185) esp_image: segment 4: paddr=00050020 vaddr=400d0020 size=cf828h (849960) map[0m
[0;32mI (476) esp_image: segment 5: paddr=0011f850 vaddr=40084eb8 size=13414h ( 78868) load[0m
[0;32mI (518) boot: Loaded app from partition at offset 0x10000[0m
[0;32mI (518) boot: Disabling RNG early entropy source...[0m
[0;32mI (529) cpu_start: Multicore app[0m
[0;32mI (537) cpu_start: Pro cpu start user code[0m
[0;32mI (537) cpu_start: cpu freq: 160000000 Hz[0m
[0;32mI (537) app_init: Application information:[0m
[0;32mI (538) app_init: Project name:     onoff_server[0m
[0;32mI (542) app_init: App version:      504dc72-dirty[0m
[0;32mI (546) app_init: Compile time:     May 19 2025 01:09:34[0m
[0;32mI (551) app_init: ELF file SHA256:  537a261c3...[0m
[0;32mI (556) app_init: ESP-IDF:          v5.4.1[0m
[0;32mI (559) efuse_init: Min chip rev:     v0.0[0m
[0;32mI (563) efuse_init: Max chip rev:     v3.99 [0m
[0;32mI (567) efuse_init: Chip rev:         v3.1[0m
[0;32mI (571) heap_init: Initializing. RAM available for dynamic allocation:[0m
[0;32mI (578) heap_init: At 3FFAFF10 len 000000F0 (0 KiB): DRAM[0m
[0;32mI (582) heap_init: At 3FFB6388 len 00001C78 (7 KiB): DRAM[0m
[0;32mI (588) heap_init: At 3FFB9A20 len 00004108 (16 KiB): DRAM[0m
[0;32mI (593) heap_init: At 3FFCBDD8 len 00014228 (80 KiB): DRAM[0m
[0;32mI (598) heap_init: At 3FFE0440 len 00003AE0 (14 KiB): D/IRAM[0m
[0;32mI (603) heap_init: At 3FFE4350 len 0001BCB0 (111 KiB): D/IRAM[0m
[0;32mI (609) heap_init: At 400982CC len 00007D34 (31 KiB): IRAM[0m
[0;32mI (616) spi_flash: detected chip: generic[0m
[0;32mI (618) spi_flash: flash io: dio[0m
[0;33mW (621) spi_flash: Detected size(4096k) larger than the size in the binary image header(2048k). Using the size in the binary image header.[0m
[0;32mI (634) coexist: coex firmware version: e727207[0m
[0;32mI (638) main_task: Started on CPU0[0m
[0;32mI (648) main_task: Calling app_main()[0m
[0;32mI (648) EXAMPLE: Initializing...[0m
[0;32mI (648) MQTT_SERVICE: Connecting to MQTT broker fd66ecb3.ala.asia-southeast1.emqxsl.com:8883 with TLS/SSL[0m
[0;32mI (648) MQTT_SERVICE: Other event id:7[0m

assert failed: tcpip_send_msg_wait_sem /IDF/components/lwip/lwip/src/api/tcpip.c:454 (Invalid mbox)


Backtrace: 0x40081be1:0x3ffcd4a0 0x4008fbdd:0x3ffcd4c0 0x4009639d:0x3ffcd4e0 0x40160e4b:0x3ffcd600 0x4016d39e:0x3ffcd630 0x4015ee21:0x3ffcd670 0x4013e415:0x3ffcd700 0x4013e767:0x3ffcd760 0x4013ea26:0x3ffcd7d0 0x4013ed0d:0x3ffcd810 0x4013ff56:0x3ffcd840 0x4019a089:0x3ffcd870 0x40135493:0x3ffcd890 0x40090605:0x3ffcd8c0




ELF file SHA256: 537a261c3

Rebooting...
ets Jul 29 2019 12:21:46

rst:0xc (SW_CPU_RESET),boot:0x13 (SPI_FAST_FLASH_BOOT)
configsip: 0, SPIWP:0xee
clk_drv:0x00,q_drv:0x00,d_drv:0x00,cs0_drv:0x00,hd_drv:0x00,wp_drv:0x00
mode:DIO, clock div:2
load:0x3fff0030,len:6276
load:0x40078000,len:15748
load:0x40080400,len:4
ho 8 tail 4 room 4
load:0x40080404,len:3860
entry 0x4008063c
[0;32mI (31) boot: ESP-IDF v5.4.1 2nd stage bootloader[0m
[0;32mI (31) boot: compile time May 19 2025 01:09:46[0m
[0;32mI (31) boot: Multicore bootloader[0m
[0;32mI (32) boot: chip revision: v3.1[0m
[0;32mI (35) boot.esp32: SPI Speed      : 40MHz[0m
[0;32mI (39) boot.esp32: SPI Mode       : DIO[0m
[0;32mI (42) boot.esp32: SPI Flash Size : 2MB[0m
[0;32mI (46) boot: Enabling RNG early entropy source...[0m
[0;32mI (51) boot: Partition Table:[0m
[0;32mI (53) boot: ## Label            Usage          Type ST Offset   Length[0m
[0;32mI (59) boot:  0 nvs              WiFi data        01 02 00009000 00006000[0m
[0;32mI (66) boot:  1 phy_init         RF data          01 01 0000f000 00001000[0m
[0;32mI (72) boot:  2 factory          factory app      00 00 00010000 00177000[0m
[0;32mI (79) boot: End of partition table[0m
[0;32mI (82) esp_image: segment 0: paddr=00010020 vaddr=3f400020 size=35a64h (219748) map[0m
[0;32mI (165) esp_image: segment 1: paddr=00045a8c vaddr=3ff80000 size=0001ch (    28) load[0m
[0;32mI (165) esp_image: segment 2: paddr=00045ab0 vaddr=3ffbdb60 size=056a8h ( 22184) load[0m
[0;32mI (177) esp_image: segment 3: paddr=0004b160 vaddr=40080000 size=04eb8h ( 20152) load[0m
[0;32mI (185) esp_image: segment 4: paddr=00050020 vaddr=400d0020 size=cf828h (849960) map[0m
[0;32mI (476) esp_image: segment 5: paddr=0011f850 vaddr=40084eb8 size=13414h ( 78868) load[0m
[0;32mI (518) boot: Loaded app from partition at offset 0x10000[0m
[0;32mI (518) boot: Disabling RNG early entropy source...[0m
[0;32mI (529) cpu_start: Multicore app[0m
[0;32mI (537) cpu_start: Pro cpu start user code[0m
[0;32mI (537) cpu_start: cpu freq: 160000000 Hz[0m
[0;32mI (537) app_init: Application information:[0m
[0;32mI (538) app_init: Project name:     onoff_server[0m
[0;32mI (542) app_init: App version:      504dc72-dirty[0m
[0;32mI (546) app_init: Compile time:     May 19 2025 01:09:34[0m
[0;32mI (551) app_init: ELF file SHA256:  537a261c3...[0m
[0;32mI (556) app_init: ESP-IDF:          v5.4.1[0m
[0;32mI (559) efuse_init: Min chip rev:     v0.0[0m
[0;32mI (563) efuse_init: Max chip rev:     v3.99 [0m
[0;32mI (567) efuse_init: Chip rev:         v3.1[0m
[0;32mI (571) heap_init: Initializing. RAM available for dynamic allocation:[0m
[0;32mI (578) heap_init: At 3FFAFF10 len 000000F0 (0 KiB): DRAM[0m
[0;32mI (582) heap_init: At 3FFB6388 len 00001C78 (7 KiB): DRAM[0m
[0;32mI (588) heap_init: At 3FFB9A20 len 00004108 (16 KiB): DRAM[0m
[0;32mI (593) heap_init: At 3FFCBDD8 len 00014228 (80 KiB): DRAM[0m
[0;32mI (598) heap_init: At 3FFE0440 len 00003AE0 (14 KiB): D/IRAM[0m
[0;32mI (603) heap_init: At 3FFE4350 len 0001BCB0 (111 KiB): D/IRAM[0m
[0;32mI (609) heap_init: At 400982CC len 00007D34 (31 KiB): IRAM[0m
[0;32mI (616) spi_flash: detected chip: generic[0m
[0;32mI (618) spi_flash: flash io: dio[0m
[0;33mW (621) spi_flash: Detected size(4096k) larger than the size in the binary image header(2048k). Using the size in the binary image header.[0m
[0;32mI (634) coexist: coex firmware version: e727207[0m
[0;32mI (638) main_task: Started on CPU0[0m
[0;32mI (648) main_task: Calling app_main()[0m
[0;32mI (648) EXAMPLE: Initializing...[0m
[0;32mI (648) MQTT_SERVICE: Connecting to MQTT broker fd66ecb3.ala.asia-southeast1.emqxsl.com:8883 with TLS/SSL[0m
[0;32mI (648) MQTT_SERVICE: Other event id:7[0m

assert failed: tcpip_send_msg_wait_sem /IDF/components/lwip/lwip/src/api/tcpip.c:454 (Invalid mbox)


Backtrace: 0x40081be1:0x3ffcd4a0 0x4008fbdd:0x3ffcd4c0 0x4009639d:0x3ffcd4e0 0x40160e4b:0x3ffcd600 0x4016d39e:0x3ffcd630 0x4015ee21:0x3ffcd670 0x4013e415:0x3ffcd700 0x4013e767:0x3ffcd760 0x4013ea26:0x3ffcd7d0 0x4013ed0d:0x3ffcd810 0x4013ff56:0x3ffcd840 0x4019a089:0x3ffcd870 0x40135493:0x3ffcd890 0x40090605:0x3ffcd8c0




ELF file SHA256: 537a261c3

Rebooting...
ets Jul 29 2019 12:21:46

rst:0xc (SW_CPU_RESET),boot:0x13 (SPI_FAST_FLASH_BOOT)
configsip: 0, SPIWP:0xee
clk_drv:0x00,q_drv:0x00,d_drv:0x00,cs0_drv:0x00,hd_drv:0x00,wp_drv:0x00
mode:DIO, clock div:2
load:0x3fff0030,len:6276
load:0x40078000,len:15748
load:0x40080400,len:4
ho 8 tail 4 room 4
load:0x40080404,len:3860
entry 0x4008063c
[0;32mI (31) boot: ESP-IDF v5.4.1 2nd stage bootloader[0m
[0;32mI (31) boot: compile time May 19 2025 01:09:46[0m
[0;32mI (31) boot: Multicore bootloader[0m
[0;32mI (32) boot: chip revision: v3.1[0m
[0;32mI (35) boot.esp32: SPI Speed      : 40MHz[0m
[0;32mI (39) boot.esp32: SPI Mode       : DIO[0m
[0;32mI (42) boot.esp32: SPI Flash Size : 2MB[0m
[0;32mI (46) boot: Enabling RNG early entropy source...[0m
[0;32mI (51) boot: Partition Table:[0m
[0;32mI (53) boot: ## Label            Usage          Type ST Offset   Length[0m
[0;32mI (59) boot:  0 nvs              WiFi data        01 02 00009000 00006000[0m
[0;32mI (66) boot:  1 phy_init         RF data          01 01 0000f000 00001000[0m
[0;32mI (73) boot:  2 factory          factory app      00 00 00010000 00177000[0m
[0;32mI (79) boot: End of partition table[0m
[0;32mI (82) esp_image: segment 0: paddr=00010020 vaddr=3f400020 size=35a64h (219748) map[0m
[0;32mI (165) esp_image: segment 1: paddr=00045a8c vaddr=3ff80000 size=0001ch (    28) load[0m
[0;32mI (165) esp_image: segment 2: paddr=00045ab0 vaddr=3ffbdb60 size=056a8h ( 22184) load[0m
[0;32mI (177) esp_image: segment 3: paddr=0004b160 vaddr=40080000 size=04eb8h ( 20152) load[0m
[0;32mI (185) esp_image: segment 4: paddr=00050020 vaddr=400d0020 size=cf828h (849960) map[0m
[0;32mI (476) esp_image: segment 5: paddr=0011f850 vaddr=40084eb8 size=13414h ( 78868) load[0m
[0;32mI (518) boot: Loaded app from partition at offset 0x10000[0m
[0;32mI (518) boot: Disabling RNG early entropy source...[0m
[0;32mI (529) cpu_start: Multicore app[0m
[0;32mI (537) cpu_start: Pro cpu start user code[0m
[0;32mI (537) cpu_start: cpu freq: 160000000 Hz[0m
[0;32mI (537) app_init: Application information:[0m
[0;32mI (538) app_init: Project name:     onoff_server[0m
[0;32mI (542) app_init: App version:      504dc72-dirty[0m
[0;32mI (546) app_init: Compile time:     May 19 2025 01:09:34[0m
[0;32mI (551) app_init: ELF file SHA256:  537a261c3...[0m
[0;32mI (556) app_init: ESP-IDF:          v5.4.1[0m
[0;32mI (559) efuse_init: Min chip rev:     v0.0[0m
[0;32mI (563) efuse_init: Max chip rev:     v3.99 [0m
[0;32mI (567) efuse_init: Chip rev:         v3.1[0m
[0;32mI (571) heap_init: Initializing. RAM available for dynamic allocation:[0m
[0;32mI (578) heap_init: At 3FFAFF10 len 000000F0 (0 KiB): DRAM[0m
[0;32mI (582) heap_init: At 3FFB6388 len 00001C78 (7 KiB): DRAM[0m
[0;32mI (588) heap_init: At 3FFB9A20 len 00004108 (16 KiB): DRAM[0m
[0;32mI (593) heap_init: At 3FFCBDD8 len 00014228 (80 KiB): DRAM[0m
[0;32mI (598) heap_init: At 3FFE0440 len 00003AE0 (14 KiB): D/IRAM[0m
[0;32mI (603) heap_init: At 3FFE4350 len 0001BCB0 (111 KiB): D/IRAM[0m
[0;32mI (609) heap_init: At 400982CC len 00007D34 (31 KiB): IRAM[0m
[0;32mI (616) spi_flash: detected chip: generic[0m
[0;32mI (618) spi_flash: flash io: dio[0m
[0;33mW (621) spi_flash: Detected size(4096k) larger than the size in the binary image header(2048k). Using the size in the binary image header.[0m
[0;32mI (634) coexist: coex firmware version: e727207[0m
[0;32mI (638) main_task: Started on CPU0[0m
[0;32mI (648) main_task: Calling app_main()[0m
[0;32mI (648) EXAMPLE: Initializing...[0m
[0;32mI (648) MQTT_SERVICE: Connecting to MQTT broker fd66ecb3.ala.asia-southeast1.emqxsl.com:8883 with TLS/SSL[0m
[0;32mI (648) MQTT_SERVICE: Other event id:7[0m

assert failed: tcpip_send_msg_wait_sem /IDF/components/lwip/lwip/src/api/tcpip.c:454 (Invalid mbox)


Backtrace: 0x40081be1:0x3ffcd4
a0 0x4008fbdd:0x3ffcd4c0 0x4009639d
:0x3ffcd4e0 0x40160e4b
:0x3ffcd600 0x4016d39e:0
x3ffcd630 0x4015ee21:0x3ffcd670 0x4013e415:0x3ffcd700 0x4013e767:0x3ffcd760 0x4013ea26:0x3ffcd7d0 0x4013ed0d:0x3ffcd810 0x4013ff56:0x3ffcd840 0x4019a089:0x3ffcd870 0x40135493:0x3ffcd890 0x40090605
:0x3ffcd8c0




ELF file SHA256: 537a261c3

Rebooting...
ets Jul 29 2019 12:21:46

rst:0xc (SW_CPU_RESET),boot:0x13 (SPI_FAST_FLASH_BOOT)
configsip: 0, SPIWP:0xee
clk_drv:0x00,q_drv:0x00,d_drv:0x00,cs0_drv:0x00,hd_drv:0x00,wp_drv:0x00
mode:DIO, clock div:2
load:0x3fff0030,len:6276
load:0x40078000,len:15748
load:0x40080400,len:4
ho 8 tail 4 room 4
load:0x40080404,len:3860
entry 0x4008063c
[0;32mI (31) boot: ESP-IDF v5.4.1 2nd stage bootloader[0m
[0;32mI (31) boot: compile time May 19 2025 01:09:46[0m
[0;32mI (31) boot: Multicore bootloader[0m
[0;32mI (32) boot: chip revision: v3.1[0m
[0;32mI (35) boot.esp32: SPI Speed      : 40MHz[0m
[0;32mI (39) boot.esp32: SPI Mode       : DIO[0m
[0;32mI (42) boot.esp32: SPI Flash Size : 2MB[0m
[0;32mI (46) boot: Enabling RNG early entropy source...[0m
[0;32mI (51) boot: Partition Table:[0m
[0;32mI (53) boot: ## Label            Usage          Type ST Offset   Length[0m
[0;32mI (59) boot:  0 nvs              WiFi data        01 02 00009000 00006000[0m
[0;32mI (66) boot:  1 phy_init         RF data          01 01 0000f000 00001000[0m
[0;32mI (72) boot:  2 factory          factory app      00 00 00010000 00177000[0m
[0;32mI (79) boot: End of partition table[0m
[0;32mI (82) esp_image: segment 0: paddr=00010020 vaddr=3f400020 size=35a64h (219748) map[0m
[0;32mI (165) esp_image: segment 1: paddr=00045a8c vaddr=3ff80000 size=0001ch (    28) load[0m
[0;32mI (165) esp_image: segment 2: paddr=00045ab0 vaddr=3ffbdb60 size=056a8h ( 22184) load[0m
[0;32mI (177) esp_image: segment 3: paddr=0004b160 vaddr=40080000 size=04eb8h ( 20152) load[0m
[0;32mI (185) esp_image: segment 4: paddr=00050020 vaddr=400d0020 size=cf828h (849960) map[0m
[0;32mI (476) esp_image: segment 5: paddr=0011f850 vaddr=40084eb8 size=13414h ( 78868) load[0m
[0;32mI (518) boot: Loaded app from partition at offset 0x10000[0m
[0;32mI (518) boot: Disabling RNG early entropy source...[0m
[0;32mI (529) cpu_start: Multicore app[0m
[0;32mI (537) cpu_start: Pro cpu start user code[0m
[0;32mI (537) cpu_start: cpu freq: 160000000 Hz[0m
[0;32mI (537) app_init: Application information:[0m
[0;32mI (538) app_init: Project name:     onoff_server[0m
[0;32mI (542) app_init: App version:      504dc72-dirty[0m
[0;32mI (546) app_init: Compile time:     May 19 2025 01:09:34[0m
[0;32mI (551) app_init: ELF file SHA256:  537a261c3...[0m
[0;32mI (556) app_init: ESP-IDF:          v5.4.1[0m
[0;32mI (559) efuse_init: Min chip rev:     v0.0[0m
[0;32mI (563) efuse_init: Max chip rev:     v3.99 [0m
[0;32mI (567) efuse_init: Chip rev:         v3.1[0m
[0;32mI (571) heap_init: Initializing. RAM available for dynamic allocation:[0m
[0;32mI (578) heap_init: At 3FFAFF10 len 000000F0 (0 KiB): DRAM[0m
[0;32mI (582) heap_init: At 3FFB6388 len 00001C78 (7 KiB): DRAM[0m
[0;32mI (588) heap_init: At 3FFB9A20 len 00004108 (16 KiB): DRAM[0m
[0;32mI (593) heap_init: At 3FFCBDD8 len 00014228 (80 KiB): DRAM[0m
[0;32mI (598) heap_init: At 3FFE0440 len 00003AE0 (14 KiB): D/IRAM[0m
[0;32mI (603) heap_init: At 3FFE4350 len 0001BCB0 (111 KiB): D/IRAM[0m
[0;32mI (609) heap_init: At 400982CC len 00007D34 (31 KiB): IRAM[0m
[0;32mI (616) spi_flash: detected chip: generic[0m
[0;32mI (618) spi_flash: flash io: dio[0m
[0;33mW (621) spi_flash: Detected size(4096k) larger than the size in the binary image header(2048k). Using the size in the binary image header.[0m
[0;32mI (634) coexist: coex firmware version: e727207[0m
[0;32mI (638) main_task: Started on CPU0[0m
[0;32mI (648) main_task: Calling app_main()[0m
[0;32mI (648) EXAMPLE: Initializing...[0m
[0;32mI (648) MQTT_SERVICE: Connecting to MQTT broker fd66ecb3.ala.asia-southeast1.emqxsl.com:8883 with TLS/SSL[0m
[0;32mI (648) MQTT_SERVICE: Other event id:7[0m

assert failed: tcpip_send_msg_wait_sem /IDF/components/lwip/lwip/src/api/tcpip.c:454 (Invalid mbox)


Backtrace: 0x40081be1:0x3ffcd4a0 0x4008fbdd:0x3ffcd4c0 0x4009639d:0x3ffcd4e0 0x40160e4b:0x3ffcd600 0x4016d39e:0x3ffcd630 0x4015ee21:0x3ffcd670 0x4013e415:0x3ffcd700 0x4013e767:0x3ffcd760 0x4013ea26:0x3ffcd7d0 0x4013ed0d:0x3ffcd810 0x4013ff56:0x3ffcd840 0x4019a089:0x3ffcd870 0x40135493:0x3ffcd890 0x40090605:0x3ffcd8c0




ELF file SHA256: 537a261c3

Rebooting...
ets Jul 29 2019 12:21:46

rst:0xc (SW_CPU_RESET),boot:0x13 (SPI_FAST_FLASH_BOOT)
configsip: 0, SPIWP:0xee
clk_drv:0x00,q_drv:0x00,d_drv:0x00,cs0_drv:0x00,hd_drv:0x00,wp_drv:0x00
mode:DIO, clock div:2
load:0x3fff0030,len:6276
load:0x40078000,len:15748
load:0x40080400,len:4
ho 8 tail 4 room 4
load:0x40080404,len:3860
entry 0x4008063c
[0;32mI (31) boot: ESP-IDF v5.4.1 2nd stage bootloader[0m
[0;32mI (31) boot: compile time May 19 2025 01:09:46[0m
[0;32mI (31) boot: Multicore bootloader[0m
[0;32mI (32) boot: chip revision: v3.1[0m
[0;32mI (35) boot.esp32: SPI Speed      : 40MHz[0m
[0;32mI (39) boot.esp32: SPI Mode       : DIO[0m
[0;32mI (42) boot.esp32: SPI Flash Size : 2MB[0m
[0;32mI (46) boot: Enabling RNG early entropy source...[0m
[0;32mI (51) boot: Partition Table:[0m
[0;32mI (53) boot: ## Label            Usage          Type ST Offset   Length[0m
[0;32mI (59) boot:  0 nvs              WiFi data        01 02 00009000 00006000[0m
[0;32mI (66) boot:  1 phy_init         RF data          01 01 0000f000 00001000[0m
[0;32mI (72) boot:  2 factory          factory app      00 00 00010000 00177000[0m
