ets Jul 29 2019 12:21:46

rst:0x1 (POWERON_RESET),boot:0x13 (SPI_FAST_FLASH_BOOT)
configsip: 0, SPIWP:0xee
clk_drv:0x00,q_drv:0x00,d_drv:0x00,cs0_drv:0x00,hd_drv:0x00,wp_drv:0x00
mode:DIO, clock div:2
load:0x3fff0030,len:6276
load:0x40078000,len:15748
load:0x40080400,len:4
ho 8 tail 4 room 4
load:0x40080404,len:3860
entry 0x4008063c
[0;32mI (31) boot: ESP-IDF v5.4.1 2nd stage bootloader[0m
[0;32mI (31) boot: compile time May 25 2025 11:50:57[0m
[0;32mI (31) boot: Multicore bootloader[0m
[0;32mI (32) boot: chip revision: v3.1[0m
[0;32mI (35) boot.esp32: SPI Speed      : 40MHz[0m
[0;32mI (39) boot.esp32: SPI Mode       : DIO[0m
[0;32mI (43) boot.esp32: SPI Flash Size : 2MB[0m
[0;32mI (46) boot: Enabling RNG early entropy source...[0m
[0;32mI (51) boot: Partition Table:[0m
[0;32mI (53) boot: ## Label            Usage          Type ST Offset   Length[0m
[0;32mI (60) boot:  0 nvs              WiFi data        01 02 00009000 00006000[0m
[0;32mI (66) boot:  1 phy_init         RF data          01 01 0000f000 00001000[0m
[0;32mI (73) boot:  2 factory          factory app      00 00 00010000 00177000[0m
[0;32mI (79) boot: End of partition table[0m
[0;32mI (82) esp_image: segment 0: paddr=00010020 vaddr=3f400020 size=2bdbch (179644) map[0m
[0;32mI (151) esp_image: segment 1: paddr=0003bde4 vaddr=3ff80000 size=0001ch (    28) load[0m
[0;32mI (152) esp_image: segment 2: paddr=0003be08 vaddr=3ffbdb60 size=04210h ( 16912) load[0m
[0;32mI (161) esp_image: segment 3: paddr=00040020 vaddr=400d0020 size=9c478h (640120) map[0m
[0;32mI (381) esp_image: segment 4: paddr=000dc4a0 vaddr=3ffc1d70 size=01540h (  5440) load[0m
[0;32mI (384) esp_image: segment 5: paddr=000dd9e8 vaddr=40080000 size=17af8h ( 97016) load[0m
[0;32mI (435) boot: Loaded app from partition at offset 0x10000[0m
[0;32mI (435) boot: Disabling RNG early entropy source...[0m
[0;32mI (445) cpu_start: Multicore app[0m
[0;32mI (454) cpu_start: Pro cpu start user code[0m
[0;32mI (454) cpu_start: cpu freq: 160000000 Hz[0m
[0;32mI (454) app_init: Application information:[0m
[0;32mI (454) app_init: Project name:     sensor_server[0m
[0;32mI (458) app_init: App version:      1a80c916-dirty[0m
[0;32mI (463) app_init: Compile time:     May 25 2025 13:17:00[0m
[0;32mI (468) app_init: ELF file SHA256:  8de8f3646...[0m
[0;32mI (472) app_init: ESP-IDF:          v5.4.1[0m
[0;32mI (476) efuse_init: Min chip rev:     v0.0[0m
[0;32mI (480) efuse_init: Max chip rev:     v3.99 [0m
[0;32mI (484) efuse_init: Chip rev:         v3.1[0m
[0;32mI (488) heap_init: Initializing. RAM available for dynamic allocation:[0m
[0;32mI (494) heap_init: At 3FFAFF10 len 000000F0 (0 KiB): DRAM[0m
[0;32mI (499) heap_init: At 3FFB6388 len 00001C78 (7 KiB): DRAM[0m
[0;32mI (504) heap_init: At 3FFB9A20 len 00004108 (16 KiB): DRAM[0m
[0;32mI (509) heap_init: At 3FFCBB80 len 00014480 (81 KiB): DRAM[0m
[0;32mI (514) heap_init: At 3FFE0440 len 00003AE0 (14 KiB): D/IRAM[0m
[0;32mI (520) heap_init: At 3FFE4350 len 0001BCB0 (111 KiB): D/IRAM[0m
[0;32mI (525) heap_init: At 40097AF8 len 00008508 (33 KiB): IRAM[0m
[0;32mI (532) spi_flash: detected chip: generic[0m
[0;32mI (534) spi_flash: flash io: dio[0m
[0;33mW (537) spi_flash: Detected size(4096k) larger than the size in the binary image header(2048k). Using the size in the binary image header.[0m
[0;32mI (550) coexist: coex firmware version: e727207[0m
[0;32mI (554) main_task: Started on CPU0[0m
[0;32mI (564) main_task: Calling app_main()[0m

â•”â•â•â•â•â•â•â•â•â•â•â•â•â•â•â•â•â•â•â•â•â•â•â•â•â•â•â•â•â•â•â•â•â•â•â•â•â•â•â•â•â•â•â•â•â•â•â•â•â•â•â•â•â•â•â•â•â•â•â•â•â•â•â•â•â•â•â•â•â•â•â•â•â•â•â•â•â•â•â•â•â•â•â•—
â•‘                              SENSOR NODE 2 STARTING                             â•‘
â•‘                            (SUBSCRIPTION RECEIVER)                              â•‘
â•šâ•â•â•â•â•â•â•â•â•â•â•â•â•â•â•â•â•â•â•â•â•â•â•â•â•â•â•â•â•â•â•â•â•â•â•â•â•â•â•â•â•â•â•â•â•â•â•â•â•â•â•â•â•â•â•â•â•â•â•â•â•â•â•â•â•â•â•â•â•â•â•â•â•â•â•â•â•â•â•â•â•â•â•

[0;32mI (614) SENSOR_NODE_2: ğŸš€ Initializing Sensor Node 2 (Subscriber)...[0m
[0;32mI (634) gpio: GPIO[25]| InputEn: 0| OutputEn: 0| OpenDrain: 0| Pullup: 1| Pulldown: 0| Intr:0 [0m
[0;32mI (634) gpio: GPIO[26]| InputEn: 0| OutputEn: 0| OpenDrain: 0| Pullup: 1| Pulldown: 0| Intr:0 [0m
[0;32mI (634) gpio: GPIO[27]| InputEn: 0| OutputEn: 0| OpenDrain: 0| Pullup: 1| Pulldown: 0| Intr:0 [0m
[0;32mI (644) BTDM_INIT: BT controller compile version [dc1cd58][0m
[0;32mI (654) BTDM_INIT: Bluetooth MAC: c8:2e:18:25:e0:82[0m
[0;32mI (654) phy_init: phy_version 4860,6b7a6e5,Feb  6 2025,14:47:07[0m
[0;33mW (664) phy_init: failed to load RF calibration data (0x1102), falling back to full calibration[0m
[0;32mI (744) phy_init: Saving new calibration data due to checksum failure or outdated calibration data, mode(2)[0m
[0;32mI (1134) SENSOR_NODE_2: ESP_BLE_MESH_PROV_REGISTER_COMP_EVT, err_code 0[0m
[0;32mI (1144) SENSOR_NODE_2: ESP_BLE_MESH_NODE_PROV_ENABLE_COMP_EVT, err_code 0[0m
[0;32mI (1144) SENSOR_NODE_2: BLE Mesh sensor node 2 (subscriber) initialized[0m

âœ… SENSOR NODE 2 INITIALIZATION COMPLETE!
ğŸ”” Ready to receive sensor data via BLE Mesh subscription
ğŸ“¡ Waiting for sensor data from other nodes...
â•â•â•â•â•â•â•â•â•â•â•â•â•â•â•â•â•â•â•â•â•â•â•â•â•â•â•â•â•â•â•â•â•â•â•â•â•â•â•â•â•â•â•â•â•â•â•â•â•â•â•â•â•â•â•â•â•â•â•â•â•â•â•â•â•â•â•â•â•â•â•â•â•â•â•â•â•â•â•â•â•â•â•

[0;32mI (1184) SENSOR_NODE_2: âœ… Sensor Node 2 ready to receive sensor data via subscription![0m
[0;32mI (1194) SENSOR_NODE_2: ğŸ“¡ Device UUID: dddd[0m
[0;32mI (1194) SENSOR_NODE_2: ğŸ” Monitoring for SENSOR_STATUS messages...[0m
[0;32mI (1204) main_task: Returned from app_main()[0m
